Copyright 1986-2022 Xilinx, Inc. All Rights Reserved. Copyright 2022-2023 Advanced Micro Devices, Inc. All Rights Reserved.
--------------------------------------------------------------------------------------------------------------------------------------------------
| Tool Version      : Vivado v.2023.1 (lin64) Build 3865809 Sun May  7 15:04:56 MDT 2023
| Date              : Wed Jul 29 09:02:40 2026
| Host              : localhost.localdomain running 64-bit CentOS Linux release 7.9.2009 (Core)
| Command           : report_timing_summary -file cu_top_ooc_timing_summary.rpt
| Design            : cu_top
| Device            : xcu280-fsvh2892
| Speed File        : -2L  PRODUCTION 1.30 05-01-2022
| Design State      : Synthesized
| Temperature Grade : E
--------------------------------------------------------------------------------------------------------------------------------------------------

Timing Summary Report

------------------------------------------------------------------------------------------------
| Timer Settings
| --------------
------------------------------------------------------------------------------------------------

  Enable Multi Corner Analysis               :  Yes
  Enable Pessimism Removal                   :  Yes
  Pessimism Removal Resolution               :  Nearest Common Node
  Enable Input Delay Default Clock           :  No
  Enable Preset / Clear Arcs                 :  No
  Disable Flight Delays                      :  No
  Ignore I/O Paths                           :  No
  Timing Early Launch at Borrowing Latches   :  No
  Borrow Time for Max Delay Exceptions       :  Yes
  Merge Timing Exceptions                    :  Yes

  Corner  Analyze    Analyze    
  Name    Max Paths  Min Paths  
  ------  ---------  ---------  
  Slow    Yes        Yes        
  Fast    Yes        Yes        


------------------------------------------------------------------------------------------------
| Report Methodology
| ------------------
------------------------------------------------------------------------------------------------

No report available as report_methodology has not been run prior. Run report_methodology on the current design for the summary of methodology violations.



check_timing report

Table of Contents
-----------------
1. checking no_clock (0)
2. checking constant_clock (0)
3. checking pulse_width_clock (0)
4. checking unconstrained_internal_endpoints (0)
5. checking no_input_delay (720)
6. checking no_output_delay (731)
7. checking multiple_clock (0)
8. checking generated_clocks (0)
9. checking loops (0)
10. checking partial_input_delay (0)
11. checking partial_output_delay (0)
12. checking latch_loops (0)

1. checking no_clock (0)
------------------------
 There are 0 register/latch pins with no clock.


2. checking constant_clock (0)
------------------------------
 There are 0 register/latch pins with constant_clock.


3. checking pulse_width_clock (0)
---------------------------------
 There are 0 register/latch pins which need pulse_width check


4. checking unconstrained_internal_endpoints (0)
------------------------------------------------
 There are 0 pins that are not constrained for maximum delay.

 There are 0 pins that are not constrained for maximum delay due to constant clock.


5. checking no_input_delay (720)
--------------------------------
 There are 720 input ports with no input delay specified. (HIGH)

 There are 0 input ports with no input delay but user has a false path constraint.


6. checking no_output_delay (731)
---------------------------------
 There are 731 ports with no output delay specified. (HIGH)

 There are 0 ports with no output delay but user has a false path constraint

 There are 0 ports with no output delay but with a timing clock defined on it or propagating through it


7. checking multiple_clock (0)
------------------------------
 There are 0 register/latch pins with multiple clocks.


8. checking generated_clocks (0)
--------------------------------
 There are 0 generated clocks that are not connected to a clock source.


9. checking loops (0)
---------------------
 There are 0 combinational loops in the design.


10. checking partial_input_delay (0)
------------------------------------
 There are 0 input ports with partial input delay specified.


11. checking partial_output_delay (0)
-------------------------------------
 There are 0 ports with partial output delay specified.


12. checking latch_loops (0)
----------------------------
 There are 0 combinational latch loops in the design through latch input



------------------------------------------------------------------------------------------------
| Design Timing Summary
| ---------------------
------------------------------------------------------------------------------------------------

    WNS(ns)      TNS(ns)  TNS Failing Endpoints  TNS Total Endpoints      WHS(ns)      THS(ns)  THS Failing Endpoints  THS Total Endpoints     WPWS(ns)     TPWS(ns)  TPWS Failing Endpoints  TPWS Total Endpoints  
    -------      -------  ---------------------  -------------------      -------      -------  ---------------------  -------------------     --------     --------  ----------------------  --------------------  
     -4.985    -3196.546                    796                64709        0.046        0.000                      0                64709        1.958        0.000                       0                 31377  


Timing constraints are not met.


------------------------------------------------------------------------------------------------
| Clock Summary
| -------------
------------------------------------------------------------------------------------------------

Clock  Waveform(ns)         Period(ns)      Frequency(MHz)
-----  ------------         ----------      --------------
clk_i  {0.000 2.500}        5.000           200.000         


------------------------------------------------------------------------------------------------
| Intra Clock Table
| -----------------
------------------------------------------------------------------------------------------------

Clock             WNS(ns)      TNS(ns)  TNS Failing Endpoints  TNS Total Endpoints      WHS(ns)      THS(ns)  THS Failing Endpoints  THS Total Endpoints     WPWS(ns)     TPWS(ns)  TPWS Failing Endpoints  TPWS Total Endpoints  
-----             -------      -------  ---------------------  -------------------      -------      -------  ---------------------  -------------------     --------     --------  ----------------------  --------------------  
clk_i              -4.985    -3196.546                    796                64709        0.046        0.000                      0                64709        1.958        0.000                       0                 31377  


------------------------------------------------------------------------------------------------
| Inter Clock Table
| -----------------
------------------------------------------------------------------------------------------------

From Clock    To Clock          WNS(ns)      TNS(ns)  TNS Failing Endpoints  TNS Total Endpoints      WHS(ns)      THS(ns)  THS Failing Endpoints  THS Total Endpoints  
----------    --------          -------      -------  ---------------------  -------------------      -------      -------  ---------------------  -------------------  


------------------------------------------------------------------------------------------------
| Other Path Groups Table
| -----------------------
------------------------------------------------------------------------------------------------

Path Group    From Clock    To Clock          WNS(ns)      TNS(ns)  TNS Failing Endpoints  TNS Total Endpoints      WHS(ns)      THS(ns)  THS Failing Endpoints  THS Total Endpoints  
----------    ----------    --------          -------      -------  ---------------------  -------------------      -------      -------  ---------------------  -------------------  


------------------------------------------------------------------------------------------------
| Timing Details
| --------------
------------------------------------------------------------------------------------------------


---------------------------------------------------------------------------------------------------
From Clock:  clk_i
  To Clock:  clk_i

Setup :          796  Failing Endpoints,  Worst Slack       -4.985ns,  Total Violation    -3196.546ns
Hold  :            0  Failing Endpoints,  Worst Slack        0.046ns,  Total Violation        0.000ns
PW    :            0  Failing Endpoints,  Worst Slack        1.958ns,  Total Violation        0.000ns
---------------------------------------------------------------------------------------------------


Max Delay Paths
--------------------------------------------------------------------------------------
Slack (VIOLATED) :        -4.985ns  (required time - arrival time)
  Source:                 u_vrf_top/g_vrf_lane[0].u_vrf_lane/bank_r1_reg_bram_0/CLKBWRCLK
                            (rising edge-triggered cell RAMB36E2 clocked by clk_i  {rise@0.000ns fall@2.500ns period=5.000ns})
  Destination:            u_wb_stage/write_data_q_reg[0][17]/D
                            (rising edge-triggered cell FDCE clocked by clk_i  {rise@0.000ns fall@2.500ns period=5.000ns})
  Path Group:             clk_i
  Path Type:              Setup (Max at Slow Process Corner)
  Requirement:            5.000ns  (clk_i rise@5.000ns - clk_i rise@0.000ns)
  Data Path Delay:        9.919ns  (logic 3.236ns (32.624%)  route 6.683ns (67.376%))
  Logic Levels:           39  (CARRY8=4 LUT1=1 LUT2=3 LUT3=1 LUT4=3 LUT5=3 LUT6=22 MUXF7=1 RAMB36E2=1)
  Clock Path Skew:        -0.056ns (DCD - SCD + CPR)
    Destination Clock Delay (DCD):    0.020ns = ( 5.020 - 5.000 ) 
    Source Clock Delay      (SCD):    0.076ns
    Clock Pessimism Removal (CPR):    0.000ns
  Clock Uncertainty:      0.035ns  ((TSJ^2 + TIJ^2)^1/2 + DJ) / 2 + PE
    Total System Jitter     (TSJ):    0.071ns
    Total Input Jitter      (TIJ):    0.000ns
    Discrete Jitter          (DJ):    0.000ns
    Phase Error              (PE):    0.000ns

    Location             Delay type                Incr(ns)  Path(ns)    Netlist Resource(s)
  -------------------------------------------------------------------    -------------------
                         (clock clk_i rise edge)      0.000     0.000 r  
                                                      0.000     0.000 r  clk_i (IN)
                         net (fo=31496, unset)        0.076     0.076    u_vrf_top/g_vrf_lane[0].u_vrf_lane/clk_i
                         RAMB36E2                                     r  u_vrf_top/g_vrf_lane[0].u_vrf_lane/bank_r1_reg_bram_0/CLKBWRCLK
  -------------------------------------------------------------------    -------------------
                         RAMB36E2 (Prop_RAMB36E2_CLKBWRCLK_CASDOUTB[0])
                                                      1.137     1.213 f  u_vrf_top/g_vrf_lane[0].u_vrf_lane/bank_r1_reg_bram_0/CASDOUTB[0]
                         net (fo=1, unplaced)         0.028     1.241    u_vrf_top/g_vrf_lane[0].u_vrf_lane/bank_r1_reg_bram_0_n_67
                         RAMB36E2 (Prop_RAMB36E2_CASDINB[0]_DOUTBDOUT[0])
                                                      0.117     1.358 f  u_vrf_top/g_vrf_lane[0].u_vrf_lane/bank_r1_reg_bram_1/DOUTBDOUT[0]
                         net (fo=214, unplaced)       0.293     1.651    u_ex_stage/g_alu_lane[0].u_sfu_lane/src1_data_o[0][0]
                         LUT2 (Prop_LUT2_I0_O)        0.100     1.751 r  u_ex_stage/g_alu_lane[0].u_sfu_lane/i___11/O
                         net (fo=1, unplaced)         0.185     1.936    u_ex_stage/g_alu_lane[0].u_sfu_lane/i___11_n_0
                         LUT6 (Prop_LUT6_I2_O)        0.038     1.974 r  u_ex_stage/g_alu_lane[0].u_sfu_lane/i___15_i_48/O
                         net (fo=1, unplaced)         0.185     2.159    u_ex_stage/g_alu_lane[0].u_sfu_lane/i___15_i_48_n_0
                         LUT6 (Prop_LUT6_I2_O)        0.038     2.197 r  u_ex_stage/g_alu_lane[0].u_sfu_lane/i___15_i_41/O
                         net (fo=1, unplaced)         0.185     2.382    u_ex_stage/g_alu_lane[0].u_sfu_lane/i___15_i_41_n_0
                         LUT6 (Prop_LUT6_I2_O)        0.038     2.420 r  u_ex_stage/g_alu_lane[0].u_sfu_lane/i___15_i_32/O
                         net (fo=1, unplaced)         0.185     2.605    u_ex_stage/g_alu_lane[0].u_sfu_lane/i___15_i_32_n_0
                         LUT6 (Prop_LUT6_I2_O)        0.038     2.643 r  u_ex_stage/g_alu_lane[0].u_sfu_lane/i___15_i_23/O
                         net (fo=1, unplaced)         0.185     2.828    u_ex_stage/g_alu_lane[0].u_sfu_lane/i___15_i_23_n_0
                         LUT6 (Prop_LUT6_I3_O)        0.038     2.866 r  u_ex_stage/g_alu_lane[0].u_sfu_lane/i___15_i_14/O
                         net (fo=1, unplaced)         0.185     3.051    u_ex_stage/g_alu_lane[0].u_sfu_lane/i___15_i_14_n_0
                         LUT6 (Prop_LUT6_I5_O)        0.038     3.089 r  u_ex_stage/g_alu_lane[0].u_sfu_lane/i___15_i_5/O
                         net (fo=1, unplaced)         0.210     3.299    u_ex_stage/g_alu_lane[0].u_sfu_lane/i___15_i_5_n_0
                         CARRY8 (Prop_CARRY8_DI[1]_CO[7])
                                                      0.127     3.426 r  u_ex_stage/g_alu_lane[0].u_sfu_lane/i___15_i_1/CO[7]
                         net (fo=1, unplaced)         0.005     3.431    u_ex_stage/g_alu_lane[0].u_sfu_lane/i___15_i_1_n_0
                         CARRY8 (Prop_CARRY8_CI_O[1])
                                                      0.076     3.507 f  u_ex_stage/g_alu_lane[0].u_sfu_lane/i___24_i_1/O[1]
                         net (fo=4, unplaced)         0.195     3.702    u_ex_stage/g_alu_lane[0].u_sfu_lane/i___24_i_1_n_14
                         LUT1 (Prop_LUT1_I0_O)        0.037     3.739 r  u_ex_stage/g_alu_lane[0].u_sfu_lane/i___117_i_87/O
                         net (fo=1, unplaced)         0.023     3.762    u_ex_stage/g_alu_lane[0].u_sfu_lane/i___117_i_87_n_0
                         CARRY8 (Prop_CARRY8_S[1]_CO[7])
                                                      0.197     3.959 r  u_ex_stage/g_alu_lane[0].u_sfu_lane/i___117_i_39/CO[7]
                         net (fo=1, unplaced)         0.005     3.964    u_ex_stage/g_alu_lane[0].u_sfu_lane/i___117_i_39_n_0
                         CARRY8 (Prop_CARRY8_CI_O[4])
                                                      0.086     4.050 f  u_ex_stage/g_alu_lane[0].u_sfu_lane/i___117_i_23/O[4]
                         net (fo=1, unplaced)         0.183     4.233    u_ex_stage/g_alu_lane[0].u_sfu_lane/i___117_i_23_n_11
                         LUT6 (Prop_LUT6_I3_O)        0.090     4.323 r  u_ex_stage/g_alu_lane[0].u_sfu_lane/i___117_i_139/O
                         net (fo=1, unplaced)         0.185     4.508    u_ex_stage/g_alu_lane[0].u_sfu_lane/i___117_i_139_n_0
                         LUT6 (Prop_LUT6_I2_O)        0.038     4.546 r  u_ex_stage/g_alu_lane[0].u_sfu_lane/i___117_i_119/O
                         net (fo=1, unplaced)         0.185     4.731    u_ex_stage/g_alu_lane[0].u_sfu_lane/i___117_i_119_n_0
                         LUT6 (Prop_LUT6_I2_O)        0.038     4.769 r  u_ex_stage/g_alu_lane[0].u_sfu_lane/i___117_i_80/O
                         net (fo=1, unplaced)         0.185     4.954    u_ex_stage/g_alu_lane[0].u_sfu_lane/i___117_i_80_n_0
                         LUT6 (Prop_LUT6_I2_O)        0.038     4.992 r  u_ex_stage/g_alu_lane[0].u_sfu_lane/i___117_i_38/O
                         net (fo=1, unplaced)         0.185     5.177    u_ex_stage/g_alu_lane[0].u_sfu_lane/i___117_i_38_n_0
                         LUT6 (Prop_LUT6_I2_O)        0.038     5.215 r  u_ex_stage/g_alu_lane[0].u_sfu_lane/i___117_i_22/O
                         net (fo=1, unplaced)         0.185     5.400    u_ex_stage/g_alu_lane[0].u_sfu_lane/i___117_i_22_n_0
                         LUT2 (Prop_LUT2_I0_O)        0.038     5.438 r  u_ex_stage/g_alu_lane[0].u_sfu_lane/i___117_i_5/O
                         net (fo=18, unplaced)        0.232     5.670    u_ex_stage/g_alu_lane[0].u_sfu_lane/i___117_i_5_n_0
                         LUT2 (Prop_LUT2_I0_O)        0.038     5.708 r  u_ex_stage/g_alu_lane[0].u_sfu_lane/i___117_i_1/O
                         net (fo=14, unplaced)        0.226     5.934    u_ex_stage/g_alu_lane[0].u_sfu_lane/i___117_i_1_n_0
                         LUT4 (Prop_LUT4_I2_O)        0.038     5.972 r  u_ex_stage/g_alu_lane[0].u_sfu_lane/write_data_q[0][15]_i_94/O
                         net (fo=2, unplaced)         0.185     6.157    u_ex_stage/g_alu_lane[0].u_sfu_lane/write_data_q[0][15]_i_94_n_0
                         LUT4 (Prop_LUT4_I3_O)        0.038     6.195 r  u_ex_stage/g_alu_lane[0].u_sfu_lane/write_data_q[0][5]_i_47/O
                         net (fo=2, unplaced)         0.185     6.380    u_ex_stage/g_alu_lane[0].u_sfu_lane/write_data_q[0][5]_i_47_n_0
                         LUT5 (Prop_LUT5_I0_O)        0.070     6.450 r  u_ex_stage/g_alu_lane[0].u_sfu_lane/write_data_q[0][17]_i_37/O
                         net (fo=2, unplaced)         0.185     6.635    u_ex_stage/g_alu_lane[0].u_sfu_lane/write_data_q[0][17]_i_37_n_0
                         LUT6 (Prop_LUT6_I3_O)        0.038     6.673 r  u_ex_stage/g_alu_lane[0].u_sfu_lane/write_data_q[0][17]_i_28/O
                         net (fo=2, unplaced)         0.185     6.858    u_ex_stage/g_alu_lane[0].u_sfu_lane/write_data_q[0][17]_i_28_n_0
                         LUT6 (Prop_LUT6_I5_O)        0.038     6.896 r  u_ex_stage/g_alu_lane[0].u_sfu_lane/write_data_q[0][17]_i_22/O
                         net (fo=13, unplaced)        0.224     7.120    u_ex_stage/g_alu_lane[0].u_sfu_lane/write_data_q[0][17]_i_22_n_0
                         LUT6 (Prop_LUT6_I5_O)        0.038     7.158 r  u_ex_stage/g_alu_lane[0].u_sfu_lane/write_data_q[0][17]_i_141/O
                         net (fo=1, unplaced)         0.185     7.343    u_ex_stage/g_alu_lane[0].u_sfu_lane/write_data_q[0][17]_i_141_n_0
                         LUT6 (Prop_LUT6_I5_O)        0.038     7.381 r  u_ex_stage/g_alu_lane[0].u_sfu_lane/write_data_q[0][17]_i_116/O
                         net (fo=1, unplaced)         0.185     7.566    u_ex_stage/g_alu_lane[0].u_sfu_lane/write_data_q[0][17]_i_116_n_0
                         LUT6 (Prop_LUT6_I5_O)        0.038     7.604 r  u_ex_stage/g_alu_lane[0].u_sfu_lane/write_data_q[0][17]_i_98/O
                         net (fo=1, unplaced)         0.185     7.789    u_ex_stage/g_alu_lane[0].u_sfu_lane/write_data_q[0][17]_i_98_n_0
                         LUT6 (Prop_LUT6_I5_O)        0.038     7.827 r  u_ex_stage/g_alu_lane[0].u_sfu_lane/write_data_q[0][17]_i_76/O
                         net (fo=1, unplaced)         0.185     8.012    u_ex_stage/g_alu_lane[0].u_sfu_lane/write_data_q[0][17]_i_76_n_0
                         LUT6 (Prop_LUT6_I3_O)        0.038     8.050 r  u_ex_stage/g_alu_lane[0].u_sfu_lane/write_data_q[0][17]_i_53/O
                         net (fo=1, unplaced)         0.185     8.235    u_ex_stage/g_alu_lane[0].u_sfu_lane/write_data_q[0][17]_i_53_n_0
                         LUT6 (Prop_LUT6_I0_O)        0.038     8.273 r  u_ex_stage/g_alu_lane[0].u_sfu_lane/write_data_q[0][17]_i_39/O
                         net (fo=1, unplaced)         0.185     8.458    u_ex_stage/g_alu_lane[0].u_sfu_lane/write_data_q[0][17]_i_39_n_0
                         LUT6 (Prop_LUT6_I2_O)        0.038     8.496 r  u_ex_stage/g_alu_lane[0].u_sfu_lane/write_data_q[0][17]_i_30/O
                         net (fo=1, unplaced)         0.185     8.681    u_ex_stage/g_alu_lane[0].u_sfu_lane/write_data_q[0][17]_i_30_n_0
                         LUT6 (Prop_LUT6_I3_O)        0.038     8.719 r  u_ex_stage/g_alu_lane[0].u_sfu_lane/write_data_q[0][17]_i_26/O
                         net (fo=1, unplaced)         0.185     8.904    u_ex_stage/g_alu_lane[0].u_sfu_lane/write_data_q[0][17]_i_26_n_0
                         LUT5 (Prop_LUT5_I4_O)        0.038     8.942 r  u_ex_stage/g_alu_lane[0].u_sfu_lane/write_data_q[0][17]_i_20/O
                         net (fo=1, unplaced)         0.018     8.960    u_ex_stage/g_alu_lane[0].u_sfu_lane/write_data_q[0][17]_i_20_n_0
                         MUXF7 (Prop_MUXF7_I1_O)      0.065     9.025 r  u_ex_stage/g_alu_lane[0].u_sfu_lane/write_data_q_reg[0][17]_i_12/O
                         net (fo=1, unplaced)         0.183     9.208    u_ex_stage/g_alu_lane[0].u_sfu_lane/write_data_q_reg[0][17]_i_12_n_0
                         LUT5 (Prop_LUT5_I2_O)        0.038     9.246 r  u_ex_stage/g_alu_lane[0].u_sfu_lane/write_data_q[0][17]_i_7/O
                         net (fo=1, unplaced)         0.185     9.431    u_ex_stage/g_alu_lane[0].u_sfu_lane/sfu_result[0]_0[17]
                         LUT4 (Prop_LUT4_I0_O)        0.038     9.469 r  u_ex_stage/g_alu_lane[0].u_sfu_lane/write_data_q[0][17]_i_3/O
                         net (fo=1, unplaced)         0.185     9.654    u_ex_stage/g_alu_lane[0].u_sfu_lane/write_data_q[0][17]_i_3_n_0
                         LUT6 (Prop_LUT6_I0_O)        0.038     9.692 r  u_ex_stage/g_alu_lane[0].u_sfu_lane/write_data_q[0][17]_i_2/O
                         net (fo=1, unplaced)         0.185     9.877    u_lsu/ex_result[0][17]
                         LUT3 (Prop_LUT3_I2_O)        0.070     9.947 r  u_lsu/write_data_q[0][17]_i_1/O
                         net (fo=1, unplaced)         0.048     9.995    u_wb_stage/write_data_q_reg[0][31]_1[17]
                         FDCE                                         r  u_wb_stage/write_data_q_reg[0][17]/D
  -------------------------------------------------------------------    -------------------

                         (clock clk_i rise edge)      5.000     5.000 r  
                                                      0.000     5.000 r  clk_i (IN)
                         net (fo=31496, unset)        0.020     5.020    u_wb_stage/clk_i
                         FDCE                                         r  u_wb_stage/write_data_q_reg[0][17]/C
                         clock pessimism              0.000     5.020    
                         clock uncertainty           -0.035     4.985    
                         FDCE (Setup_FDCE_C_D)        0.025     5.010    u_wb_stage/write_data_q_reg[0][17]
  -------------------------------------------------------------------
                         required time                          5.010    
                         arrival time                          -9.995    
  -------------------------------------------------------------------
                         slack                                 -4.985    





Min Delay Paths
--------------------------------------------------------------------------------------
Slack (MET) :             0.046ns  (arrival time - required time)
  Source:                 u_csr_regfile/wdata_q_reg[7]/C
                            (rising edge-triggered cell FDCE clocked by clk_i  {rise@0.000ns fall@2.500ns period=5.000ns})
  Destination:            u_imem/u_imem_xpm/xpm_memory_base_inst/gen_wr_a.gen_word_narrow.mem_reg_bram_0/DINADIN[7]
                            (rising edge-triggered cell RAMB36E2 clocked by clk_i  {rise@0.000ns fall@2.500ns period=5.000ns})
  Path Group:             clk_i
  Path Type:              Hold (Min at Fast Process Corner)
  Requirement:            0.000ns  (clk_i rise@0.000ns - clk_i rise@0.000ns)
  Data Path Delay:        0.082ns  (logic 0.038ns (46.341%)  route 0.044ns (53.659%))
  Logic Levels:           0  
  Clock Path Skew:        0.041ns (DCD - SCD - CPR)
    Destination Clock Delay (DCD):    0.053ns
    Source Clock Delay      (SCD):    0.012ns
    Clock Pessimism Removal (CPR):    -0.000ns

    Location             Delay type                Incr(ns)  Path(ns)    Netlist Resource(s)
  -------------------------------------------------------------------    -------------------
                         (clock clk_i rise edge)      0.000     0.000 r  
                                                      0.000     0.000 r  clk_i (IN)
                         net (fo=31496, unset)        0.012     0.012    u_csr_regfile/clk_i
                         FDCE                                         r  u_csr_regfile/wdata_q_reg[7]/C
  -------------------------------------------------------------------    -------------------
                         FDCE (Prop_FDCE_C_Q)         0.038     0.050 r  u_csr_regfile/wdata_q_reg[7]/Q
                         net (fo=2, unplaced)         0.044     0.094    u_imem/u_imem_xpm/xpm_memory_base_inst/dina[7]
                         RAMB36E2                                     r  u_imem/u_imem_xpm/xpm_memory_base_inst/gen_wr_a.gen_word_narrow.mem_reg_bram_0/DINADIN[7]
  -------------------------------------------------------------------    -------------------

                         (clock clk_i rise edge)      0.000     0.000 r  
                                                      0.000     0.000 r  clk_i (IN)
                         net (fo=31496, unset)        0.053     0.053    u_imem/u_imem_xpm/xpm_memory_base_inst/clka
                         RAMB36E2                                     r  u_imem/u_imem_xpm/xpm_memory_base_inst/gen_wr_a.gen_word_narrow.mem_reg_bram_0/CLKARDCLK
                         clock pessimism              0.000     0.053    
                         RAMB36E2 (Hold_RAMB36E2_CLKARDCLK_DINADIN[7])
                                                     -0.005     0.048    u_imem/u_imem_xpm/xpm_memory_base_inst/gen_wr_a.gen_word_narrow.mem_reg_bram_0
  -------------------------------------------------------------------
                         required time                         -0.048    
                         arrival time                           0.094    
  -------------------------------------------------------------------
                         slack                                  0.046    





Pulse Width Checks
--------------------------------------------------------------------------------------
Clock Name:         clk_i
Waveform(ns):       { 0.000 2.500 }
Period(ns):         5.000
Sources:            { clk_i }

Check Type        Corner  Lib Pin             Reference Pin  Required(ns)  Actual(ns)  Slack(ns)  Location  Pin
Min Period        n/a     RAMB36E2/CLKARDCLK  n/a            1.569         5.000       3.431                u_imem/u_imem_xpm/xpm_memory_base_inst/gen_wr_a.gen_word_narrow.mem_reg_bram_0/CLKARDCLK
Low Pulse Width   Slow    RAMB36E2/CLKARDCLK  n/a            0.542         2.500       1.958                u_imem/u_imem_xpm/xpm_memory_base_inst/gen_wr_a.gen_word_narrow.mem_reg_bram_0/CLKARDCLK
High Pulse Width  Slow    RAMB36E2/CLKARDCLK  n/a            0.542         2.500       1.958                u_imem/u_imem_xpm/xpm_memory_base_inst/gen_wr_a.gen_word_narrow.mem_reg_bram_0/CLKARDCLK



