Copyright 1986-2022 Xilinx, Inc. All Rights Reserved. Copyright 2022-2023 Advanced Micro Devices, Inc. All Rights Reserved.
---------------------------------------------------------------------------------------------------------------------------------------------
| Tool Version : Vivado v.2023.1 (lin64) Build 3865809 Sun May  7 15:04:56 MDT 2023
| Date         : Sat Aug  1 17:37:04 2026
| Host         : localhost.localdomain running 64-bit CentOS Linux release 7.9.2009 (Core)
| Command      : report_high_fanout_nets -fanout_greater_than 32 -file cu_top_ooc_high_fanout.rpt
| Design       : cu_top
| Device       : xcu280
---------------------------------------------------------------------------------------------------------------------------------------------

High Fan-out Nets Information

1. Summary
----------

+--------------------------------------------------+--------+-------------+
| Net Name                                         | Fanout | Driver Type |
+--------------------------------------------------+--------+-------------+
| u_ex_stage/g_simt_stack[0].u_simt_stack/rst_ni_0 |  14393 | LUT1        |
| u_mma_core/Q[0]                                  |   8165 | FDCE        |
| u_mma_core/Q[1]                                  |   7656 | FDCE        |
| u_mma_core/write_beat_q_reg[1]_0[0]              |   2053 | FDCE        |
| u_mma_core/write_beat_q_reg[1]_0[1]              |   2052 | FDCE        |
| u_mma_core/read_slot_q[0]                        |   1076 | FDCE        |
| u_warp_collective_core/out_val_q                 |   1024 | LUT5        |
| u_warp_collective_core/state_q[2]                |    966 | FDCE        |
| u_mma_core/read_slot_q[2]                        |    937 | FDCE        |
| u_lsu/is_load_q                                  |    806 | LUT2        |
+--------------------------------------------------+--------+-------------+


