Copyright 1986-2022 Xilinx, Inc. All Rights Reserved. Copyright 2022-2023 Advanced Micro Devices, Inc. All Rights Reserved.
--------------------------------------------------------------------------------------------------------------------------------------------------
| Tool Version      : Vivado v.2023.1 (lin64) Build 3865809 Sun May  7 15:04:56 MDT 2023
| Date              : Sun Aug  2 13:18:02 2026
| Host              : localhost.localdomain running 64-bit CentOS Linux release 7.9.2009 (Core)
| Command           : report_timing_summary -file cu_top_ooc_timing_summary.rpt
| Design            : cu_top
| Device            : xcu280-fsvh2892
| Speed File        : -2L  PRODUCTION 1.30 05-01-2022
| Design State      : Synthesized
| Temperature Grade : E
--------------------------------------------------------------------------------------------------------------------------------------------------

Timing Summary Report

------------------------------------------------------------------------------------------------
| Timer Settings
| --------------
------------------------------------------------------------------------------------------------

  Enable Multi Corner Analysis               :  Yes
  Enable Pessimism Removal                   :  Yes
  Pessimism Removal Resolution               :  Nearest Common Node
  Enable Input Delay Default Clock           :  No
  Enable Preset / Clear Arcs                 :  No
  Disable Flight Delays                      :  No
  Ignore I/O Paths                           :  No
  Timing Early Launch at Borrowing Latches   :  No
  Borrow Time for Max Delay Exceptions       :  Yes
  Merge Timing Exceptions                    :  Yes

  Corner  Analyze    Analyze    
  Name    Max Paths  Min Paths  
  ------  ---------  ---------  
  Slow    Yes        Yes        
  Fast    Yes        Yes        


------------------------------------------------------------------------------------------------
| Report Methodology
| ------------------
------------------------------------------------------------------------------------------------

No report available as report_methodology has not been run prior. Run report_methodology on the current design for the summary of methodology violations.



check_timing report

Table of Contents
-----------------
1. checking no_clock (0)
2. checking constant_clock (0)
3. checking pulse_width_clock (0)
4. checking unconstrained_internal_endpoints (0)
5. checking no_input_delay (720)
6. checking no_output_delay (731)
7. checking multiple_clock (0)
8. checking generated_clocks (0)
9. checking loops (0)
10. checking partial_input_delay (0)
11. checking partial_output_delay (0)
12. checking latch_loops (0)

1. checking no_clock (0)
------------------------
 There are 0 register/latch pins with no clock.


2. checking constant_clock (0)
------------------------------
 There are 0 register/latch pins with constant_clock.


3. checking pulse_width_clock (0)
---------------------------------
 There are 0 register/latch pins which need pulse_width check


4. checking unconstrained_internal_endpoints (0)
------------------------------------------------
 There are 0 pins that are not constrained for maximum delay.

 There are 0 pins that are not constrained for maximum delay due to constant clock.


5. checking no_input_delay (720)
--------------------------------
 There are 720 input ports with no input delay specified. (HIGH)

 There are 0 input ports with no input delay but user has a false path constraint.


6. checking no_output_delay (731)
---------------------------------
 There are 731 ports with no output delay specified. (HIGH)

 There are 0 ports with no output delay but user has a false path constraint

 There are 0 ports with no output delay but with a timing clock defined on it or propagating through it


7. checking multiple_clock (0)
------------------------------
 There are 0 register/latch pins with multiple clocks.


8. checking generated_clocks (0)
--------------------------------
 There are 0 generated clocks that are not connected to a clock source.


9. checking loops (0)
---------------------
 There are 0 combinational loops in the design.


10. checking partial_input_delay (0)
------------------------------------
 There are 0 input ports with partial input delay specified.


11. checking partial_output_delay (0)
-------------------------------------
 There are 0 ports with partial output delay specified.


12. checking latch_loops (0)
----------------------------
 There are 0 combinational latch loops in the design through latch input



------------------------------------------------------------------------------------------------
| Design Timing Summary
| ---------------------
------------------------------------------------------------------------------------------------

    WNS(ns)      TNS(ns)  TNS Failing Endpoints  TNS Total Endpoints      WHS(ns)      THS(ns)  THS Failing Endpoints  THS Total Endpoints     WPWS(ns)     TPWS(ns)  TPWS Failing Endpoints  TPWS Total Endpoints  
    -------      -------  ---------------------  -------------------      -------      -------  ---------------------  -------------------     --------     --------  ----------------------  --------------------  
      0.550        0.000                      0                83470        0.054        0.000                      0                83470        2.236        0.000                       0                 43866  


All user specified timing constraints are met.


------------------------------------------------------------------------------------------------
| Clock Summary
| -------------
------------------------------------------------------------------------------------------------

Clock  Waveform(ns)         Period(ns)      Frequency(MHz)
-----  ------------         ----------      --------------
clk_i  {0.000 2.778}        5.556           179.986         


------------------------------------------------------------------------------------------------
| Intra Clock Table
| -----------------
------------------------------------------------------------------------------------------------

Clock             WNS(ns)      TNS(ns)  TNS Failing Endpoints  TNS Total Endpoints      WHS(ns)      THS(ns)  THS Failing Endpoints  THS Total Endpoints     WPWS(ns)     TPWS(ns)  TPWS Failing Endpoints  TPWS Total Endpoints  
-----             -------      -------  ---------------------  -------------------      -------      -------  ---------------------  -------------------     --------     --------  ----------------------  --------------------  
clk_i               0.550        0.000                      0                83470        0.054        0.000                      0                83470        2.236        0.000                       0                 43866  


------------------------------------------------------------------------------------------------
| Inter Clock Table
| -----------------
------------------------------------------------------------------------------------------------

From Clock    To Clock          WNS(ns)      TNS(ns)  TNS Failing Endpoints  TNS Total Endpoints      WHS(ns)      THS(ns)  THS Failing Endpoints  THS Total Endpoints  
----------    --------          -------      -------  ---------------------  -------------------      -------      -------  ---------------------  -------------------  


------------------------------------------------------------------------------------------------
| Other Path Groups Table
| -----------------------
------------------------------------------------------------------------------------------------

Path Group    From Clock    To Clock          WNS(ns)      TNS(ns)  TNS Failing Endpoints  TNS Total Endpoints      WHS(ns)      THS(ns)  THS Failing Endpoints  THS Total Endpoints  
----------    ----------    --------          -------      -------  ---------------------  -------------------      -------      -------  ---------------------  -------------------  


------------------------------------------------------------------------------------------------
| Timing Details
| --------------
------------------------------------------------------------------------------------------------


---------------------------------------------------------------------------------------------------
From Clock:  clk_i
  To Clock:  clk_i

Setup :            0  Failing Endpoints,  Worst Slack        0.550ns,  Total Violation        0.000ns
Hold  :            0  Failing Endpoints,  Worst Slack        0.054ns,  Total Violation        0.000ns
PW    :            0  Failing Endpoints,  Worst Slack        2.236ns,  Total Violation        0.000ns
---------------------------------------------------------------------------------------------------


Max Delay Paths
--------------------------------------------------------------------------------------
Slack (MET) :             0.550ns  (required time - arrival time)
  Source:                 u_imem/u_imem_xpm/xpm_memory_base_inst/gen_wr_a.gen_word_narrow.mem_reg_bram_3/CLKBWRCLK
                            (rising edge-triggered cell RAMB36E2 clocked by clk_i  {rise@0.000ns fall@2.778ns period=5.556ns})
  Destination:            u_warp_scheduler/fetch_epoch_q_reg[1][0]/CE
                            (rising edge-triggered cell FDCE clocked by clk_i  {rise@0.000ns fall@2.778ns period=5.556ns})
  Path Group:             clk_i
  Path Type:              Setup (Max at Slow Process Corner)
  Requirement:            5.556ns  (clk_i rise@5.556ns - clk_i rise@0.000ns)
  Data Path Delay:        4.854ns  (logic 1.778ns (36.630%)  route 3.076ns (63.370%))
  Logic Levels:           17  (LUT3=3 LUT4=1 LUT5=2 LUT6=8 MUXF7=2 MUXF8=1)
  Clock Path Skew:        -0.056ns (DCD - SCD + CPR)
    Destination Clock Delay (DCD):    0.020ns = ( 5.576 - 5.556 ) 
    Source Clock Delay      (SCD):    0.076ns
    Clock Pessimism Removal (CPR):    0.000ns
  Clock Uncertainty:      0.035ns  ((TSJ^2 + TIJ^2)^1/2 + DJ) / 2 + PE
    Total System Jitter     (TSJ):    0.071ns
    Total Input Jitter      (TIJ):    0.000ns
    Discrete Jitter          (DJ):    0.000ns
    Phase Error              (PE):    0.000ns

    Location             Delay type                Incr(ns)  Path(ns)    Netlist Resource(s)
  -------------------------------------------------------------------    -------------------
                         (clock clk_i rise edge)      0.000     0.000 r  
                                                      0.000     0.000 r  clk_i (IN)
                         net (fo=43975, unset)        0.076     0.076    u_imem/u_imem_xpm/xpm_memory_base_inst/clka
                         RAMB36E2                                     r  u_imem/u_imem_xpm/xpm_memory_base_inst/gen_wr_a.gen_word_narrow.mem_reg_bram_3/CLKBWRCLK
  -------------------------------------------------------------------    -------------------
                         RAMB36E2 (Prop_RAMB36E2_CLKBWRCLK_DOUTBDOUT[29])
                                                      0.863     0.939 f  u_imem/u_imem_xpm/xpm_memory_base_inst/gen_wr_a.gen_word_narrow.mem_reg_bram_3/DOUTBDOUT[29]
                         net (fo=8, unplaced)         0.219     1.158    u_warp_scheduler/if_data_o[23]
                         LUT4 (Prop_LUT4_I0_O)        0.100     1.258 f  u_warp_scheduler/decoded_src3_reg_o[7]_INST_0_i_4/O
                         net (fo=1, unplaced)         0.185     1.443    u_warp_scheduler/decoded_src3_reg_o[7]_INST_0_i_4_n_0
                         LUT5 (Prop_LUT5_I4_O)        0.038     1.481 f  u_warp_scheduler/decoded_src3_reg_o[7]_INST_0_i_3/O
                         net (fo=1, unplaced)         0.185     1.666    u_warp_scheduler/decoded_src3_reg_o[7]_INST_0_i_3_n_0
                         LUT6 (Prop_LUT6_I5_O)        0.038     1.704 r  u_warp_scheduler/decoded_src3_reg_o[7]_INST_0_i_1/O
                         net (fo=8, unplaced)         0.213     1.917    u_warp_scheduler/gen_wr_a.gen_word_narrow.mem_reg_bram_2
                         LUT3 (Prop_LUT3_I1_O)        0.038     1.955 r  u_warp_scheduler/decoded_src3_reg_o[4]_INST_0/O
                         net (fo=157, unplaced)       0.281     2.236    u_warp_scheduler/decoded_src3_reg_o[1]
                         LUT3 (Prop_LUT3_I2_O)        0.038     2.274 r  u_warp_scheduler/busy_q_i_4214/O
                         net (fo=128, unplaced)       0.276     2.550    u_scoreboard/busy_q_reg_i_979_0
                         LUT5 (Prop_LUT5_I2_O)        0.037     2.587 f  u_scoreboard/busy_q_i_2279/O
                         net (fo=1, unplaced)         0.032     2.619    u_scoreboard/busy_q_i_2279_n_0
                         MUXF7 (Prop_MUXF7_I0_O)      0.069     2.688 f  u_scoreboard/busy_q_reg_i_953/O
                         net (fo=1, unplaced)         0.000     2.688    u_scoreboard/busy_q_reg_i_953_n_0
                         MUXF8 (Prop_MUXF8_I0_O)      0.030     2.718 f  u_scoreboard/busy_q_reg_i_353/O
                         net (fo=1, unplaced)         0.187     2.905    u_scoreboard/busy_q_reg_i_353_n_0
                         LUT6 (Prop_LUT6_I0_O)        0.100     3.005 f  u_scoreboard/busy_q_i_165/O
                         net (fo=1, unplaced)         0.024     3.029    u_scoreboard/busy_q_i_165_n_0
                         MUXF7 (Prop_MUXF7_I0_O)      0.067     3.096 f  u_scoreboard/busy_q_reg_i_70/O
                         net (fo=1, unplaced)         0.139     3.235    u_scoreboard/busy_q_reg_i_70_n_0
                         LUT6 (Prop_LUT6_I0_O)        0.100     3.335 f  u_scoreboard/busy_q_i_29/O
                         net (fo=2, unplaced)         0.185     3.520    u_scoreboard/hit129_in
                         LUT6 (Prop_LUT6_I0_O)        0.038     3.558 f  u_scoreboard/issue_src2_imm_q[31]_i_12/O
                         net (fo=2, unplaced)         0.185     3.743    u_scoreboard/issue_src2_imm_q[31]_i_12_n_0
                         LUT6 (Prop_LUT6_I5_O)        0.038     3.781 f  u_scoreboard/issue_src2_imm_q[31]_i_7/O
                         net (fo=1, unplaced)         0.185     3.966    u_scoreboard/hit15_out
                         LUT6 (Prop_LUT6_I1_O)        0.038     4.004 r  u_scoreboard/issue_src2_imm_q[31]_i_4/O
                         net (fo=3, unplaced)         0.191     4.195    u_scoreboard/busy_q_reg_0
                         LUT6 (Prop_LUT6_I1_O)        0.038     4.233 r  u_scoreboard/fetch_epoch_q[0][7]_i_3/O
                         net (fo=5, unplaced)         0.203     4.436    u_scoreboard/sched_halt_pending
                         LUT3 (Prop_LUT3_I0_O)        0.070     4.506 r  u_scoreboard/halt_hold_q[1]_i_3/O
                         net (fo=10, unplaced)        0.218     4.724    u_warp_scheduler/halt_hold_q_reg[1]_1
                         LUT6 (Prop_LUT6_I5_O)        0.038     4.762 r  u_warp_scheduler/fetch_epoch_q[1][7]_i_1/O
                         net (fo=8, unplaced)         0.168     4.930    u_warp_scheduler/fetch_epoch_q[1][7]_i_1_n_0
                         FDCE                                         r  u_warp_scheduler/fetch_epoch_q_reg[1][0]/CE
  -------------------------------------------------------------------    -------------------

                         (clock clk_i rise edge)      5.556     5.556 r  
                                                      0.000     5.556 r  clk_i (IN)
                         net (fo=43975, unset)        0.020     5.576    u_warp_scheduler/clk_i
                         FDCE                                         r  u_warp_scheduler/fetch_epoch_q_reg[1][0]/C
                         clock pessimism              0.000     5.576    
                         clock uncertainty           -0.035     5.541    
                         FDCE (Setup_FDCE_C_CE)      -0.061     5.480    u_warp_scheduler/fetch_epoch_q_reg[1][0]
  -------------------------------------------------------------------
                         required time                          5.480    
                         arrival time                          -4.930    
  -------------------------------------------------------------------
                         slack                                  0.550    





Min Delay Paths
--------------------------------------------------------------------------------------
Slack (MET) :             0.054ns  (arrival time - required time)
  Source:                 u_csr_regfile/wdata_q_reg[23]/C
                            (rising edge-triggered cell FDCE clocked by clk_i  {rise@0.000ns fall@2.778ns period=5.556ns})
  Destination:            u_imem/u_imem_xpm/xpm_memory_base_inst/gen_wr_a.gen_word_narrow.mem_reg_bram_2/DINADIN[7]
                            (rising edge-triggered cell RAMB36E2 clocked by clk_i  {rise@0.000ns fall@2.778ns period=5.556ns})
  Path Group:             clk_i
  Path Type:              Hold (Min at Fast Process Corner)
  Requirement:            0.000ns  (clk_i rise@0.000ns - clk_i rise@0.000ns)
  Data Path Delay:        0.090ns  (logic 0.038ns (42.222%)  route 0.052ns (57.778%))
  Logic Levels:           0  
  Clock Path Skew:        0.041ns (DCD - SCD - CPR)
    Destination Clock Delay (DCD):    0.053ns
    Source Clock Delay      (SCD):    0.012ns
    Clock Pessimism Removal (CPR):    -0.000ns

    Location             Delay type                Incr(ns)  Path(ns)    Netlist Resource(s)
  -------------------------------------------------------------------    -------------------
                         (clock clk_i rise edge)      0.000     0.000 r  
                                                      0.000     0.000 r  clk_i (IN)
                         net (fo=43975, unset)        0.012     0.012    u_csr_regfile/clk_i
                         FDCE                                         r  u_csr_regfile/wdata_q_reg[23]/C
  -------------------------------------------------------------------    -------------------
                         FDCE (Prop_FDCE_C_Q)         0.038     0.050 r  u_csr_regfile/wdata_q_reg[23]/Q
                         net (fo=5, unplaced)         0.052     0.102    u_imem/u_imem_xpm/xpm_memory_base_inst/dina[23]
                         RAMB36E2                                     r  u_imem/u_imem_xpm/xpm_memory_base_inst/gen_wr_a.gen_word_narrow.mem_reg_bram_2/DINADIN[7]
  -------------------------------------------------------------------    -------------------

                         (clock clk_i rise edge)      0.000     0.000 r  
                                                      0.000     0.000 r  clk_i (IN)
                         net (fo=43975, unset)        0.053     0.053    u_imem/u_imem_xpm/xpm_memory_base_inst/clka
                         RAMB36E2                                     r  u_imem/u_imem_xpm/xpm_memory_base_inst/gen_wr_a.gen_word_narrow.mem_reg_bram_2/CLKARDCLK
                         clock pessimism              0.000     0.053    
                         RAMB36E2 (Hold_RAMB36E2_CLKARDCLK_DINADIN[7])
                                                     -0.005     0.048    u_imem/u_imem_xpm/xpm_memory_base_inst/gen_wr_a.gen_word_narrow.mem_reg_bram_2
  -------------------------------------------------------------------
                         required time                         -0.048    
                         arrival time                           0.102    
  -------------------------------------------------------------------
                         slack                                  0.054    





Pulse Width Checks
--------------------------------------------------------------------------------------
Clock Name:         clk_i
Waveform(ns):       { 0.000 2.778 }
Period(ns):         5.556
Sources:            { clk_i }

Check Type        Corner  Lib Pin             Reference Pin  Required(ns)  Actual(ns)  Slack(ns)  Location  Pin
Min Period        n/a     RAMB36E2/CLKARDCLK  n/a            1.569         5.556       3.987                u_imem/u_imem_xpm/xpm_memory_base_inst/gen_wr_a.gen_word_narrow.mem_reg_bram_0/CLKARDCLK
Low Pulse Width   Slow    RAMB36E2/CLKARDCLK  n/a            0.542         2.778       2.236                u_imem/u_imem_xpm/xpm_memory_base_inst/gen_wr_a.gen_word_narrow.mem_reg_bram_0/CLKARDCLK
High Pulse Width  Slow    RAMB36E2/CLKARDCLK  n/a            0.542         2.778       2.236                u_imem/u_imem_xpm/xpm_memory_base_inst/gen_wr_a.gen_word_narrow.mem_reg_bram_0/CLKARDCLK



