Copyright 1986-2022 Xilinx, Inc. All Rights Reserved. Copyright 2022-2023 Advanced Micro Devices, Inc. All Rights Reserved.
--------------------------------------------------------------------------------------------------------------------------------------------------
| Tool Version      : Vivado v.2023.1 (lin64) Build 3865809 Sun May  7 15:04:56 MDT 2023
| Date              : Wed Jul 29 10:07:01 2026
| Host              : localhost.localdomain running 64-bit CentOS Linux release 7.9.2009 (Core)
| Command           : report_timing_summary -file cu_top_ooc_timing_summary.rpt
| Design            : cu_top
| Device            : xcu280-fsvh2892
| Speed File        : -2L  PRODUCTION 1.30 05-01-2022
| Design State      : Synthesized
| Temperature Grade : E
--------------------------------------------------------------------------------------------------------------------------------------------------

Timing Summary Report

------------------------------------------------------------------------------------------------
| Timer Settings
| --------------
------------------------------------------------------------------------------------------------

  Enable Multi Corner Analysis               :  Yes
  Enable Pessimism Removal                   :  Yes
  Pessimism Removal Resolution               :  Nearest Common Node
  Enable Input Delay Default Clock           :  No
  Enable Preset / Clear Arcs                 :  No
  Disable Flight Delays                      :  No
  Ignore I/O Paths                           :  No
  Timing Early Launch at Borrowing Latches   :  No
  Borrow Time for Max Delay Exceptions       :  Yes
  Merge Timing Exceptions                    :  Yes

  Corner  Analyze    Analyze    
  Name    Max Paths  Min Paths  
  ------  ---------  ---------  
  Slow    Yes        Yes        
  Fast    Yes        Yes        


------------------------------------------------------------------------------------------------
| Report Methodology
| ------------------
------------------------------------------------------------------------------------------------

No report available as report_methodology has not been run prior. Run report_methodology on the current design for the summary of methodology violations.



check_timing report

Table of Contents
-----------------
1. checking no_clock (0)
2. checking constant_clock (0)
3. checking pulse_width_clock (0)
4. checking unconstrained_internal_endpoints (0)
5. checking no_input_delay (720)
6. checking no_output_delay (731)
7. checking multiple_clock (0)
8. checking generated_clocks (0)
9. checking loops (0)
10. checking partial_input_delay (0)
11. checking partial_output_delay (0)
12. checking latch_loops (0)

1. checking no_clock (0)
------------------------
 There are 0 register/latch pins with no clock.


2. checking constant_clock (0)
------------------------------
 There are 0 register/latch pins with constant_clock.


3. checking pulse_width_clock (0)
---------------------------------
 There are 0 register/latch pins which need pulse_width check


4. checking unconstrained_internal_endpoints (0)
------------------------------------------------
 There are 0 pins that are not constrained for maximum delay.

 There are 0 pins that are not constrained for maximum delay due to constant clock.


5. checking no_input_delay (720)
--------------------------------
 There are 720 input ports with no input delay specified. (HIGH)

 There are 0 input ports with no input delay but user has a false path constraint.


6. checking no_output_delay (731)
---------------------------------
 There are 731 ports with no output delay specified. (HIGH)

 There are 0 ports with no output delay but user has a false path constraint

 There are 0 ports with no output delay but with a timing clock defined on it or propagating through it


7. checking multiple_clock (0)
------------------------------
 There are 0 register/latch pins with multiple clocks.


8. checking generated_clocks (0)
--------------------------------
 There are 0 generated clocks that are not connected to a clock source.


9. checking loops (0)
---------------------
 There are 0 combinational loops in the design.


10. checking partial_input_delay (0)
------------------------------------
 There are 0 input ports with partial input delay specified.


11. checking partial_output_delay (0)
-------------------------------------
 There are 0 ports with partial output delay specified.


12. checking latch_loops (0)
----------------------------
 There are 0 combinational latch loops in the design through latch input



------------------------------------------------------------------------------------------------
| Design Timing Summary
| ---------------------
------------------------------------------------------------------------------------------------

    WNS(ns)      TNS(ns)  TNS Failing Endpoints  TNS Total Endpoints      WHS(ns)      THS(ns)  THS Failing Endpoints  THS Total Endpoints     WPWS(ns)     TPWS(ns)  TPWS Failing Endpoints  TPWS Total Endpoints  
    -------      -------  ---------------------  -------------------      -------      -------  ---------------------  -------------------     --------     --------  ----------------------  --------------------  
      0.427        0.000                      0                76015        0.046        0.000                      0                76015        1.958        0.000                       0                 39722  


All user specified timing constraints are met.


------------------------------------------------------------------------------------------------
| Clock Summary
| -------------
------------------------------------------------------------------------------------------------

Clock  Waveform(ns)         Period(ns)      Frequency(MHz)
-----  ------------         ----------      --------------
clk_i  {0.000 2.500}        5.000           200.000         


------------------------------------------------------------------------------------------------
| Intra Clock Table
| -----------------
------------------------------------------------------------------------------------------------

Clock             WNS(ns)      TNS(ns)  TNS Failing Endpoints  TNS Total Endpoints      WHS(ns)      THS(ns)  THS Failing Endpoints  THS Total Endpoints     WPWS(ns)     TPWS(ns)  TPWS Failing Endpoints  TPWS Total Endpoints  
-----             -------      -------  ---------------------  -------------------      -------      -------  ---------------------  -------------------     --------     --------  ----------------------  --------------------  
clk_i               0.427        0.000                      0                76015        0.046        0.000                      0                76015        1.958        0.000                       0                 39722  


------------------------------------------------------------------------------------------------
| Inter Clock Table
| -----------------
------------------------------------------------------------------------------------------------

From Clock    To Clock          WNS(ns)      TNS(ns)  TNS Failing Endpoints  TNS Total Endpoints      WHS(ns)      THS(ns)  THS Failing Endpoints  THS Total Endpoints  
----------    --------          -------      -------  ---------------------  -------------------      -------      -------  ---------------------  -------------------  


------------------------------------------------------------------------------------------------
| Other Path Groups Table
| -----------------------
------------------------------------------------------------------------------------------------

Path Group    From Clock    To Clock          WNS(ns)      TNS(ns)  TNS Failing Endpoints  TNS Total Endpoints      WHS(ns)      THS(ns)  THS Failing Endpoints  THS Total Endpoints  
----------    ----------    --------          -------      -------  ---------------------  -------------------      -------      -------  ---------------------  -------------------  


------------------------------------------------------------------------------------------------
| Timing Details
| --------------
------------------------------------------------------------------------------------------------


---------------------------------------------------------------------------------------------------
From Clock:  clk_i
  To Clock:  clk_i

Setup :            0  Failing Endpoints,  Worst Slack        0.427ns,  Total Violation        0.000ns
Hold  :            0  Failing Endpoints,  Worst Slack        0.046ns,  Total Violation        0.000ns
PW    :            0  Failing Endpoints,  Worst Slack        1.958ns,  Total Violation        0.000ns
---------------------------------------------------------------------------------------------------


Max Delay Paths
--------------------------------------------------------------------------------------
Slack (MET) :             0.427ns  (required time - arrival time)
  Source:                 u_imem/u_imem_xpm/xpm_memory_base_inst/gen_wr_a.gen_word_narrow.mem_reg_bram_3/CLKBWRCLK
                            (rising edge-triggered cell RAMB36E2 clocked by clk_i  {rise@0.000ns fall@2.500ns period=5.000ns})
  Destination:            u_warp_scheduler/pc_q_reg[0][0]/CE
                            (rising edge-triggered cell FDCE clocked by clk_i  {rise@0.000ns fall@2.500ns period=5.000ns})
  Path Group:             clk_i
  Path Type:              Setup (Max at Slow Process Corner)
  Requirement:            5.000ns  (clk_i rise@5.000ns - clk_i rise@0.000ns)
  Data Path Delay:        4.421ns  (logic 1.925ns (43.542%)  route 2.496ns (56.458%))
  Logic Levels:           15  (LUT3=2 LUT4=1 LUT5=3 LUT6=6 MUXF7=2 MUXF8=1)
  Clock Path Skew:        -0.056ns (DCD - SCD + CPR)
    Destination Clock Delay (DCD):    0.020ns = ( 5.020 - 5.000 ) 
    Source Clock Delay      (SCD):    0.076ns
    Clock Pessimism Removal (CPR):    0.000ns
  Clock Uncertainty:      0.035ns  ((TSJ^2 + TIJ^2)^1/2 + DJ) / 2 + PE
    Total System Jitter     (TSJ):    0.071ns
    Total Input Jitter      (TIJ):    0.000ns
    Discrete Jitter          (DJ):    0.000ns
    Phase Error              (PE):    0.000ns

    Location             Delay type                Incr(ns)  Path(ns)    Netlist Resource(s)
  -------------------------------------------------------------------    -------------------
                         (clock clk_i rise edge)      0.000     0.000 r  
                                                      0.000     0.000 r  clk_i (IN)
                         net (fo=39831, unset)        0.076     0.076    u_imem/u_imem_xpm/xpm_memory_base_inst/clka
                         RAMB36E2                                     r  u_imem/u_imem_xpm/xpm_memory_base_inst/gen_wr_a.gen_word_narrow.mem_reg_bram_3/CLKBWRCLK
  -------------------------------------------------------------------    -------------------
                         RAMB36E2 (Prop_RAMB36E2_CLKBWRCLK_DOUTBDOUT[29])
                                                      0.863     0.939 f  u_imem/u_imem_xpm/xpm_memory_base_inst/gen_wr_a.gen_word_narrow.mem_reg_bram_3/DOUTBDOUT[29]
                         net (fo=8, unplaced)         0.219     1.158    u_scoreboard/if_data_o[38]
                         LUT4 (Prop_LUT4_I0_O)        0.139     1.297 f  u_scoreboard/decoded_src3_reg_o[7]_INST_0_i_4/O
                         net (fo=1, unplaced)         0.185     1.482    u_scoreboard/decoded_src3_reg_o[7]_INST_0_i_4_n_0
                         LUT5 (Prop_LUT5_I4_O)        0.038     1.520 f  u_scoreboard/decoded_src3_reg_o[7]_INST_0_i_3/O
                         net (fo=1, unplaced)         0.185     1.705    u_scoreboard/decoded_src3_reg_o[7]_INST_0_i_3_n_0
                         LUT6 (Prop_LUT6_I5_O)        0.038     1.743 r  u_scoreboard/decoded_src3_reg_o[7]_INST_0_i_1/O
                         net (fo=19, unplaced)        0.233     1.976    u_scoreboard/gen_wr_a.gen_word_narrow.mem_reg_bram_2
                         LUT3 (Prop_LUT3_I1_O)        0.038     2.014 r  u_scoreboard/decoded_src3_reg_o[0]_INST_0/O
                         net (fo=128, unplaced)       0.189     2.203    u_warp_scheduler/decoded_src3_reg_o[0]
                         LUT5 (Prop_LUT5_I2_O)        0.125     2.328 f  u_warp_scheduler/busy_q_i_1674/O
                         net (fo=4, unplaced)         0.153     2.481    u_warp_scheduler/busy_q_i_1674_n_0
                         LUT6 (Prop_LUT6_I0_O)        0.099     2.580 f  u_warp_scheduler/busy_q_i_1034/O
                         net (fo=1, unplaced)         0.032     2.612    u_warp_scheduler/busy_q_i_1034_n_0
                         MUXF7 (Prop_MUXF7_I0_O)      0.069     2.681 f  u_warp_scheduler/busy_q_reg_i_458/O
                         net (fo=1, unplaced)         0.000     2.681    u_warp_scheduler/busy_q_reg_i_458_n_0
                         MUXF8 (Prop_MUXF8_I0_O)      0.030     2.711 f  u_warp_scheduler/busy_q_reg_i_185/O
                         net (fo=1, unplaced)         0.187     2.898    u_warp_scheduler/busy_q_reg_i_185_n_0
                         LUT6 (Prop_LUT6_I0_O)        0.100     2.998 f  u_warp_scheduler/busy_q_i_79/O
                         net (fo=1, unplaced)         0.024     3.022    u_warp_scheduler/busy_q_i_79_n_0
                         MUXF7 (Prop_MUXF7_I0_O)      0.067     3.089 f  u_warp_scheduler/busy_q_reg_i_37/O
                         net (fo=1, unplaced)         0.139     3.228    u_warp_scheduler/busy_q_reg_i_37_n_0
                         LUT5 (Prop_LUT5_I0_O)        0.100     3.328 f  u_warp_scheduler/busy_q_i_12/O
                         net (fo=1, unplaced)         0.140     3.468    u_warp_scheduler/busy_q_i_12_n_0
                         LUT6 (Prop_LUT6_I0_O)        0.090     3.558 f  u_warp_scheduler/busy_q_i_5/O
                         net (fo=15, unplaced)        0.179     3.737    u_warp_scheduler/gen_wr_a.gen_word_narrow.mem_reg_bram_2
                         LUT6 (Prop_LUT6_I3_O)        0.053     3.790 r  u_warp_scheduler/issue_src3_reg_q[7]_i_3/O
                         net (fo=2, unplaced)         0.185     3.975    u_warp_scheduler/accept_dec
                         LUT3 (Prop_LUT3_I2_O)        0.038     4.013 r  u_warp_scheduler/rr_q[1]_i_3/O
                         net (fo=69, unplaced)        0.262     4.275    u_ex_stage/g_simt_stack[2].u_simt_stack/pc_q_reg[0][15]
                         LUT6 (Prop_LUT6_I0_O)        0.038     4.313 r  u_ex_stage/g_simt_stack[2].u_simt_stack/pc_q[0][15]_i_1/O
                         net (fo=16, unplaced)        0.184     4.497    u_warp_scheduler/pc_q_reg[0][15]_0[0]
                         FDCE                                         r  u_warp_scheduler/pc_q_reg[0][0]/CE
  -------------------------------------------------------------------    -------------------

                         (clock clk_i rise edge)      5.000     5.000 r  
                                                      0.000     5.000 r  clk_i (IN)
                         net (fo=39831, unset)        0.020     5.020    u_warp_scheduler/clk_i
                         FDCE                                         r  u_warp_scheduler/pc_q_reg[0][0]/C
                         clock pessimism              0.000     5.020    
                         clock uncertainty           -0.035     4.985    
                         FDCE (Setup_FDCE_C_CE)      -0.061     4.924    u_warp_scheduler/pc_q_reg[0][0]
  -------------------------------------------------------------------
                         required time                          4.924    
                         arrival time                          -4.497    
  -------------------------------------------------------------------
                         slack                                  0.427    





Min Delay Paths
--------------------------------------------------------------------------------------
Slack (MET) :             0.046ns  (arrival time - required time)
  Source:                 u_csr_regfile/wdata_q_reg[7]/C
                            (rising edge-triggered cell FDCE clocked by clk_i  {rise@0.000ns fall@2.500ns period=5.000ns})
  Destination:            u_imem/u_imem_xpm/xpm_memory_base_inst/gen_wr_a.gen_word_narrow.mem_reg_bram_0/DINADIN[7]
                            (rising edge-triggered cell RAMB36E2 clocked by clk_i  {rise@0.000ns fall@2.500ns period=5.000ns})
  Path Group:             clk_i
  Path Type:              Hold (Min at Fast Process Corner)
  Requirement:            0.000ns  (clk_i rise@0.000ns - clk_i rise@0.000ns)
  Data Path Delay:        0.082ns  (logic 0.038ns (46.341%)  route 0.044ns (53.659%))
  Logic Levels:           0  
  Clock Path Skew:        0.041ns (DCD - SCD - CPR)
    Destination Clock Delay (DCD):    0.053ns
    Source Clock Delay      (SCD):    0.012ns
    Clock Pessimism Removal (CPR):    -0.000ns

    Location             Delay type                Incr(ns)  Path(ns)    Netlist Resource(s)
  -------------------------------------------------------------------    -------------------
                         (clock clk_i rise edge)      0.000     0.000 r  
                                                      0.000     0.000 r  clk_i (IN)
                         net (fo=39831, unset)        0.012     0.012    u_csr_regfile/clk_i
                         FDCE                                         r  u_csr_regfile/wdata_q_reg[7]/C
  -------------------------------------------------------------------    -------------------
                         FDCE (Prop_FDCE_C_Q)         0.038     0.050 r  u_csr_regfile/wdata_q_reg[7]/Q
                         net (fo=2, unplaced)         0.044     0.094    u_imem/u_imem_xpm/xpm_memory_base_inst/dina[7]
                         RAMB36E2                                     r  u_imem/u_imem_xpm/xpm_memory_base_inst/gen_wr_a.gen_word_narrow.mem_reg_bram_0/DINADIN[7]
  -------------------------------------------------------------------    -------------------

                         (clock clk_i rise edge)      0.000     0.000 r  
                                                      0.000     0.000 r  clk_i (IN)
                         net (fo=39831, unset)        0.053     0.053    u_imem/u_imem_xpm/xpm_memory_base_inst/clka
                         RAMB36E2                                     r  u_imem/u_imem_xpm/xpm_memory_base_inst/gen_wr_a.gen_word_narrow.mem_reg_bram_0/CLKARDCLK
                         clock pessimism              0.000     0.053    
                         RAMB36E2 (Hold_RAMB36E2_CLKARDCLK_DINADIN[7])
                                                     -0.005     0.048    u_imem/u_imem_xpm/xpm_memory_base_inst/gen_wr_a.gen_word_narrow.mem_reg_bram_0
  -------------------------------------------------------------------
                         required time                         -0.048    
                         arrival time                           0.094    
  -------------------------------------------------------------------
                         slack                                  0.046    





Pulse Width Checks
--------------------------------------------------------------------------------------
Clock Name:         clk_i
Waveform(ns):       { 0.000 2.500 }
Period(ns):         5.000
Sources:            { clk_i }

Check Type        Corner  Lib Pin             Reference Pin  Required(ns)  Actual(ns)  Slack(ns)  Location  Pin
Min Period        n/a     RAMB36E2/CLKARDCLK  n/a            1.569         5.000       3.431                u_imem/u_imem_xpm/xpm_memory_base_inst/gen_wr_a.gen_word_narrow.mem_reg_bram_0/CLKARDCLK
Low Pulse Width   Slow    RAMB36E2/CLKARDCLK  n/a            0.542         2.500       1.958                u_imem/u_imem_xpm/xpm_memory_base_inst/gen_wr_a.gen_word_narrow.mem_reg_bram_0/CLKARDCLK
High Pulse Width  Slow    RAMB36E2/CLKARDCLK  n/a            0.542         2.500       1.958                u_imem/u_imem_xpm/xpm_memory_base_inst/gen_wr_a.gen_word_narrow.mem_reg_bram_0/CLKARDCLK



