Copyright 1986-2022 Xilinx, Inc. All Rights Reserved. Copyright 2022-2023 Advanced Micro Devices, Inc. All Rights Reserved.
--------------------------------------------------------------------------------------------------------------------------------------------------
| Tool Version      : Vivado v.2023.1 (lin64) Build 3865809 Sun May  7 15:04:56 MDT 2023
| Date              : Wed Jul 29 09:41:35 2026
| Host              : localhost.localdomain running 64-bit CentOS Linux release 7.9.2009 (Core)
| Command           : report_timing_summary -file cu_top_ooc_timing_summary.rpt
| Design            : cu_top
| Device            : xcu280-fsvh2892
| Speed File        : -2L  PRODUCTION 1.30 05-01-2022
| Design State      : Synthesized
| Temperature Grade : E
--------------------------------------------------------------------------------------------------------------------------------------------------

Timing Summary Report

------------------------------------------------------------------------------------------------
| Timer Settings
| --------------
------------------------------------------------------------------------------------------------

  Enable Multi Corner Analysis               :  Yes
  Enable Pessimism Removal                   :  Yes
  Pessimism Removal Resolution               :  Nearest Common Node
  Enable Input Delay Default Clock           :  No
  Enable Preset / Clear Arcs                 :  No
  Disable Flight Delays                      :  No
  Ignore I/O Paths                           :  No
  Timing Early Launch at Borrowing Latches   :  No
  Borrow Time for Max Delay Exceptions       :  Yes
  Merge Timing Exceptions                    :  Yes

  Corner  Analyze    Analyze    
  Name    Max Paths  Min Paths  
  ------  ---------  ---------  
  Slow    Yes        Yes        
  Fast    Yes        Yes        


------------------------------------------------------------------------------------------------
| Report Methodology
| ------------------
------------------------------------------------------------------------------------------------

No report available as report_methodology has not been run prior. Run report_methodology on the current design for the summary of methodology violations.



check_timing report

Table of Contents
-----------------
1. checking no_clock (0)
2. checking constant_clock (0)
3. checking pulse_width_clock (0)
4. checking unconstrained_internal_endpoints (0)
5. checking no_input_delay (720)
6. checking no_output_delay (731)
7. checking multiple_clock (0)
8. checking generated_clocks (0)
9. checking loops (0)
10. checking partial_input_delay (0)
11. checking partial_output_delay (0)
12. checking latch_loops (0)

1. checking no_clock (0)
------------------------
 There are 0 register/latch pins with no clock.


2. checking constant_clock (0)
------------------------------
 There are 0 register/latch pins with constant_clock.


3. checking pulse_width_clock (0)
---------------------------------
 There are 0 register/latch pins which need pulse_width check


4. checking unconstrained_internal_endpoints (0)
------------------------------------------------
 There are 0 pins that are not constrained for maximum delay.

 There are 0 pins that are not constrained for maximum delay due to constant clock.


5. checking no_input_delay (720)
--------------------------------
 There are 720 input ports with no input delay specified. (HIGH)

 There are 0 input ports with no input delay but user has a false path constraint.


6. checking no_output_delay (731)
---------------------------------
 There are 731 ports with no output delay specified. (HIGH)

 There are 0 ports with no output delay but user has a false path constraint

 There are 0 ports with no output delay but with a timing clock defined on it or propagating through it


7. checking multiple_clock (0)
------------------------------
 There are 0 register/latch pins with multiple clocks.


8. checking generated_clocks (0)
--------------------------------
 There are 0 generated clocks that are not connected to a clock source.


9. checking loops (0)
---------------------
 There are 0 combinational loops in the design.


10. checking partial_input_delay (0)
------------------------------------
 There are 0 input ports with partial input delay specified.


11. checking partial_output_delay (0)
-------------------------------------
 There are 0 ports with partial output delay specified.


12. checking latch_loops (0)
----------------------------
 There are 0 combinational latch loops in the design through latch input



------------------------------------------------------------------------------------------------
| Design Timing Summary
| ---------------------
------------------------------------------------------------------------------------------------

    WNS(ns)      TNS(ns)  TNS Failing Endpoints  TNS Total Endpoints      WHS(ns)      THS(ns)  THS Failing Endpoints  THS Total Endpoints     WPWS(ns)     TPWS(ns)  TPWS Failing Endpoints  TPWS Total Endpoints  
    -------      -------  ---------------------  -------------------      -------      -------  ---------------------  -------------------     --------     --------  ----------------------  --------------------  
     -3.399     -691.303                    248                74739        0.046        0.000                      0                74739        1.958        0.000                       0                 39176  


Timing constraints are not met.


------------------------------------------------------------------------------------------------
| Clock Summary
| -------------
------------------------------------------------------------------------------------------------

Clock  Waveform(ns)         Period(ns)      Frequency(MHz)
-----  ------------         ----------      --------------
clk_i  {0.000 2.500}        5.000           200.000         


------------------------------------------------------------------------------------------------
| Intra Clock Table
| -----------------
------------------------------------------------------------------------------------------------

Clock             WNS(ns)      TNS(ns)  TNS Failing Endpoints  TNS Total Endpoints      WHS(ns)      THS(ns)  THS Failing Endpoints  THS Total Endpoints     WPWS(ns)     TPWS(ns)  TPWS Failing Endpoints  TPWS Total Endpoints  
-----             -------      -------  ---------------------  -------------------      -------      -------  ---------------------  -------------------     --------     --------  ----------------------  --------------------  
clk_i              -3.399     -691.303                    248                74739        0.046        0.000                      0                74739        1.958        0.000                       0                 39176  


------------------------------------------------------------------------------------------------
| Inter Clock Table
| -----------------
------------------------------------------------------------------------------------------------

From Clock    To Clock          WNS(ns)      TNS(ns)  TNS Failing Endpoints  TNS Total Endpoints      WHS(ns)      THS(ns)  THS Failing Endpoints  THS Total Endpoints  
----------    --------          -------      -------  ---------------------  -------------------      -------      -------  ---------------------  -------------------  


------------------------------------------------------------------------------------------------
| Other Path Groups Table
| -----------------------
------------------------------------------------------------------------------------------------

Path Group    From Clock    To Clock          WNS(ns)      TNS(ns)  TNS Failing Endpoints  TNS Total Endpoints      WHS(ns)      THS(ns)  THS Failing Endpoints  THS Total Endpoints  
----------    ----------    --------          -------      -------  ---------------------  -------------------      -------      -------  ---------------------  -------------------  


------------------------------------------------------------------------------------------------
| Timing Details
| --------------
------------------------------------------------------------------------------------------------


---------------------------------------------------------------------------------------------------
From Clock:  clk_i
  To Clock:  clk_i

Setup :          248  Failing Endpoints,  Worst Slack       -3.399ns,  Total Violation     -691.303ns
Hold  :            0  Failing Endpoints,  Worst Slack        0.046ns,  Total Violation        0.000ns
PW    :            0  Failing Endpoints,  Worst Slack        1.958ns,  Total Violation        0.000ns
---------------------------------------------------------------------------------------------------


Max Delay Paths
--------------------------------------------------------------------------------------
Slack (VIOLATED) :        -3.399ns  (required time - arrival time)
  Source:                 u_ex_stage/calc_src1_data_q_reg[0][4]/C
                            (rising edge-triggered cell FDCE clocked by clk_i  {rise@0.000ns fall@2.500ns period=5.000ns})
  Destination:            u_ex_stage/ex_result_q_reg[0][17]/D
                            (rising edge-triggered cell FDCE clocked by clk_i  {rise@0.000ns fall@2.500ns period=5.000ns})
  Path Group:             clk_i
  Path Type:              Setup (Max at Slow Process Corner)
  Requirement:            5.000ns  (clk_i rise@5.000ns - clk_i rise@0.000ns)
  Data Path Delay:        8.381ns  (logic 1.951ns (23.279%)  route 6.430ns (76.721%))
  Logic Levels:           37  (CARRY8=4 LUT1=1 LUT2=2 LUT3=1 LUT4=3 LUT5=3 LUT6=22 MUXF7=1)
  Clock Path Skew:        -0.008ns (DCD - SCD + CPR)
    Destination Clock Delay (DCD):    0.020ns = ( 5.020 - 5.000 ) 
    Source Clock Delay      (SCD):    0.028ns
    Clock Pessimism Removal (CPR):    0.000ns
  Clock Uncertainty:      0.035ns  ((TSJ^2 + TIJ^2)^1/2 + DJ) / 2 + PE
    Total System Jitter     (TSJ):    0.071ns
    Total Input Jitter      (TIJ):    0.000ns
    Discrete Jitter          (DJ):    0.000ns
    Phase Error              (PE):    0.000ns

    Location             Delay type                Incr(ns)  Path(ns)    Netlist Resource(s)
  -------------------------------------------------------------------    -------------------
                         (clock clk_i rise edge)      0.000     0.000 r  
                                                      0.000     0.000 r  clk_i (IN)
                         net (fo=39285, unset)        0.028     0.028    u_ex_stage/clk_i
                         FDCE                                         r  u_ex_stage/calc_src1_data_q_reg[0][4]/C
  -------------------------------------------------------------------    -------------------
                         FDCE (Prop_FDCE_C_Q)         0.077     0.105 r  u_ex_stage/calc_src1_data_q_reg[0][4]/Q
                         net (fo=111, unplaced)       0.242     0.347    u_ex_stage/g_alu_lane[0].u_sfu_lane/Q[4]
                         LUT6 (Prop_LUT6_I0_O)        0.150     0.497 r  u_ex_stage/g_alu_lane[0].u_sfu_lane/i___15_i_53/O
                         net (fo=1, unplaced)         0.185     0.682    u_ex_stage/g_alu_lane[0].u_sfu_lane/i___15_i_53_n_0
                         LUT6 (Prop_LUT6_I2_O)        0.038     0.720 r  u_ex_stage/g_alu_lane[0].u_sfu_lane/i___15_i_51/O
                         net (fo=1, unplaced)         0.185     0.905    u_ex_stage/g_alu_lane[0].u_sfu_lane/i___15_i_51_n_0
                         LUT6 (Prop_LUT6_I2_O)        0.038     0.943 r  u_ex_stage/g_alu_lane[0].u_sfu_lane/i___15_i_46/O
                         net (fo=1, unplaced)         0.185     1.128    u_ex_stage/g_alu_lane[0].u_sfu_lane/i___15_i_46_n_0
                         LUT6 (Prop_LUT6_I2_O)        0.038     1.166 r  u_ex_stage/g_alu_lane[0].u_sfu_lane/i___15_i_37/O
                         net (fo=1, unplaced)         0.185     1.351    u_ex_stage/g_alu_lane[0].u_sfu_lane/i___15_i_37_n_0
                         LUT6 (Prop_LUT6_I3_O)        0.038     1.389 r  u_ex_stage/g_alu_lane[0].u_sfu_lane/i___15_i_28/O
                         net (fo=1, unplaced)         0.185     1.574    u_ex_stage/g_alu_lane[0].u_sfu_lane/i___15_i_28_n_0
                         LUT6 (Prop_LUT6_I5_O)        0.038     1.612 r  u_ex_stage/g_alu_lane[0].u_sfu_lane/i___15_i_19/O
                         net (fo=1, unplaced)         0.185     1.797    u_ex_stage/g_alu_lane[0].u_sfu_lane/i___15_i_19_n_0
                         LUT3 (Prop_LUT3_I2_O)        0.038     1.835 r  u_ex_stage/g_alu_lane[0].u_sfu_lane/i___15_i_10/O
                         net (fo=1, unplaced)         0.020     1.855    u_ex_stage/g_alu_lane[0].u_sfu_lane/i___15_i_10_n_0
                         CARRY8 (Prop_CARRY8_S[0]_O[1])
                                                      0.096     1.951 f  u_ex_stage/g_alu_lane[0].u_sfu_lane/i___15_i_1/O[1]
                         net (fo=5, unplaced)         0.201     2.152    u_ex_stage/g_alu_lane[0].u_sfu_lane/i___15_i_1_n_14
                         LUT1 (Prop_LUT1_I0_O)        0.072     2.224 r  u_ex_stage/g_alu_lane[0].u_sfu_lane/i___117_i_11/O
                         net (fo=1, unplaced)         0.218     2.442    u_ex_stage/g_alu_lane[0].u_sfu_lane/i___117_i_11_n_0
                         CARRY8 (Prop_CARRY8_DI[1]_CO[7])
                                                      0.127     2.569 r  u_ex_stage/g_alu_lane[0].u_sfu_lane/i___117_i_3/CO[7]
                         net (fo=1, unplaced)         0.005     2.574    u_ex_stage/g_alu_lane[0].u_sfu_lane/i___117_i_3_n_0
                         CARRY8 (Prop_CARRY8_CI_CO[7])
                                                      0.022     2.596 r  u_ex_stage/g_alu_lane[0].u_sfu_lane/i___117_i_39/CO[7]
                         net (fo=1, unplaced)         0.005     2.601    u_ex_stage/g_alu_lane[0].u_sfu_lane/i___117_i_39_n_0
                         CARRY8 (Prop_CARRY8_CI_O[4])
                                                      0.086     2.687 f  u_ex_stage/g_alu_lane[0].u_sfu_lane/i___117_i_23/O[4]
                         net (fo=1, unplaced)         0.183     2.870    u_ex_stage/g_alu_lane[0].u_sfu_lane/i___117_i_23_n_11
                         LUT6 (Prop_LUT6_I3_O)        0.090     2.960 r  u_ex_stage/g_alu_lane[0].u_sfu_lane/i___117_i_139/O
                         net (fo=1, unplaced)         0.185     3.145    u_ex_stage/g_alu_lane[0].u_sfu_lane/i___117_i_139_n_0
                         LUT6 (Prop_LUT6_I2_O)        0.038     3.183 r  u_ex_stage/g_alu_lane[0].u_sfu_lane/i___117_i_119/O
                         net (fo=1, unplaced)         0.185     3.368    u_ex_stage/g_alu_lane[0].u_sfu_lane/i___117_i_119_n_0
                         LUT6 (Prop_LUT6_I2_O)        0.038     3.406 r  u_ex_stage/g_alu_lane[0].u_sfu_lane/i___117_i_80/O
                         net (fo=1, unplaced)         0.185     3.591    u_ex_stage/g_alu_lane[0].u_sfu_lane/i___117_i_80_n_0
                         LUT6 (Prop_LUT6_I2_O)        0.038     3.629 r  u_ex_stage/g_alu_lane[0].u_sfu_lane/i___117_i_38/O
                         net (fo=1, unplaced)         0.185     3.814    u_ex_stage/g_alu_lane[0].u_sfu_lane/i___117_i_38_n_0
                         LUT6 (Prop_LUT6_I2_O)        0.038     3.852 r  u_ex_stage/g_alu_lane[0].u_sfu_lane/i___117_i_22/O
                         net (fo=1, unplaced)         0.185     4.037    u_ex_stage/g_alu_lane[0].u_sfu_lane/i___117_i_22_n_0
                         LUT2 (Prop_LUT2_I0_O)        0.038     4.075 r  u_ex_stage/g_alu_lane[0].u_sfu_lane/i___117_i_5/O
                         net (fo=18, unplaced)        0.232     4.307    u_ex_stage/g_alu_lane[0].u_sfu_lane/i___117_i_5_n_0
                         LUT2 (Prop_LUT2_I0_O)        0.070     4.377 r  u_ex_stage/g_alu_lane[0].u_sfu_lane/i___117_i_1/O
                         net (fo=14, unplaced)        0.226     4.603    u_ex_stage/g_alu_lane[0].u_sfu_lane/i___117_i_1_n_0
                         LUT4 (Prop_LUT4_I2_O)        0.038     4.641 r  u_ex_stage/g_alu_lane[0].u_sfu_lane/ex_result_q[0][15]_i_93/O
                         net (fo=2, unplaced)         0.185     4.826    u_ex_stage/g_alu_lane[0].u_sfu_lane/ex_result_q[0][15]_i_93_n_0
                         LUT4 (Prop_LUT4_I3_O)        0.038     4.864 r  u_ex_stage/g_alu_lane[0].u_sfu_lane/ex_result_q[0][5]_i_46/O
                         net (fo=2, unplaced)         0.185     5.049    u_ex_stage/g_alu_lane[0].u_sfu_lane/ex_result_q[0][5]_i_46_n_0
                         LUT5 (Prop_LUT5_I0_O)        0.070     5.119 r  u_ex_stage/g_alu_lane[0].u_sfu_lane/ex_result_q[0][17]_i_36/O
                         net (fo=2, unplaced)         0.185     5.304    u_ex_stage/g_alu_lane[0].u_sfu_lane/ex_result_q[0][17]_i_36_n_0
                         LUT6 (Prop_LUT6_I3_O)        0.038     5.342 r  u_ex_stage/g_alu_lane[0].u_sfu_lane/ex_result_q[0][17]_i_27/O
                         net (fo=2, unplaced)         0.185     5.527    u_ex_stage/g_alu_lane[0].u_sfu_lane/ex_result_q[0][17]_i_27_n_0
                         LUT6 (Prop_LUT6_I5_O)        0.038     5.565 r  u_ex_stage/g_alu_lane[0].u_sfu_lane/ex_result_q[0][17]_i_21/O
                         net (fo=13, unplaced)        0.224     5.789    u_ex_stage/g_alu_lane[0].u_sfu_lane/ex_result_q[0][17]_i_21_n_0
                         LUT6 (Prop_LUT6_I5_O)        0.038     5.827 r  u_ex_stage/g_alu_lane[0].u_sfu_lane/ex_result_q[0][17]_i_140/O
                         net (fo=1, unplaced)         0.185     6.012    u_ex_stage/g_alu_lane[0].u_sfu_lane/ex_result_q[0][17]_i_140_n_0
                         LUT6 (Prop_LUT6_I5_O)        0.038     6.050 r  u_ex_stage/g_alu_lane[0].u_sfu_lane/ex_result_q[0][17]_i_115/O
                         net (fo=1, unplaced)         0.185     6.235    u_ex_stage/g_alu_lane[0].u_sfu_lane/ex_result_q[0][17]_i_115_n_0
                         LUT6 (Prop_LUT6_I5_O)        0.038     6.273 r  u_ex_stage/g_alu_lane[0].u_sfu_lane/ex_result_q[0][17]_i_97/O
                         net (fo=1, unplaced)         0.185     6.458    u_ex_stage/g_alu_lane[0].u_sfu_lane/ex_result_q[0][17]_i_97_n_0
                         LUT6 (Prop_LUT6_I5_O)        0.038     6.496 r  u_ex_stage/g_alu_lane[0].u_sfu_lane/ex_result_q[0][17]_i_75/O
                         net (fo=1, unplaced)         0.185     6.681    u_ex_stage/g_alu_lane[0].u_sfu_lane/ex_result_q[0][17]_i_75_n_0
                         LUT6 (Prop_LUT6_I3_O)        0.038     6.719 r  u_ex_stage/g_alu_lane[0].u_sfu_lane/ex_result_q[0][17]_i_52/O
                         net (fo=1, unplaced)         0.185     6.904    u_ex_stage/g_alu_lane[0].u_sfu_lane/ex_result_q[0][17]_i_52_n_0
                         LUT6 (Prop_LUT6_I0_O)        0.038     6.942 r  u_ex_stage/g_alu_lane[0].u_sfu_lane/ex_result_q[0][17]_i_38/O
                         net (fo=1, unplaced)         0.185     7.127    u_ex_stage/g_alu_lane[0].u_sfu_lane/ex_result_q[0][17]_i_38_n_0
                         LUT6 (Prop_LUT6_I2_O)        0.038     7.165 r  u_ex_stage/g_alu_lane[0].u_sfu_lane/ex_result_q[0][17]_i_29/O
                         net (fo=1, unplaced)         0.185     7.350    u_ex_stage/g_alu_lane[0].u_sfu_lane/ex_result_q[0][17]_i_29_n_0
                         LUT6 (Prop_LUT6_I3_O)        0.038     7.388 r  u_ex_stage/g_alu_lane[0].u_sfu_lane/ex_result_q[0][17]_i_25/O
                         net (fo=1, unplaced)         0.185     7.573    u_ex_stage/g_alu_lane[0].u_sfu_lane/ex_result_q[0][17]_i_25_n_0
                         LUT5 (Prop_LUT5_I4_O)        0.038     7.611 r  u_ex_stage/g_alu_lane[0].u_sfu_lane/ex_result_q[0][17]_i_19/O
                         net (fo=1, unplaced)         0.018     7.629    u_ex_stage/g_alu_lane[0].u_sfu_lane/ex_result_q[0][17]_i_19_n_0
                         MUXF7 (Prop_MUXF7_I1_O)      0.065     7.694 r  u_ex_stage/g_alu_lane[0].u_sfu_lane/ex_result_q_reg[0][17]_i_11/O
                         net (fo=1, unplaced)         0.183     7.877    u_ex_stage/g_alu_lane[0].u_sfu_lane/ex_result_q_reg[0][17]_i_11_n_0
                         LUT5 (Prop_LUT5_I2_O)        0.038     7.915 r  u_ex_stage/g_alu_lane[0].u_sfu_lane/ex_result_q[0][17]_i_6/O
                         net (fo=1, unplaced)         0.185     8.100    u_ex_stage/g_alu_lane[0].u_sfu_lane/sfu_result[0]_0[17]
                         LUT4 (Prop_LUT4_I0_O)        0.038     8.138 r  u_ex_stage/g_alu_lane[0].u_sfu_lane/ex_result_q[0][17]_i_2/O
                         net (fo=1, unplaced)         0.185     8.323    u_ex_stage/g_alu_lane[0].u_sfu_lane/ex_result_q[0][17]_i_2_n_0
                         LUT6 (Prop_LUT6_I0_O)        0.038     8.361 r  u_ex_stage/g_alu_lane[0].u_sfu_lane/ex_result_q[0][17]_i_1/O
                         net (fo=1, unplaced)         0.048     8.409    u_ex_stage/result_mux[0]_21[17]
                         FDCE                                         r  u_ex_stage/ex_result_q_reg[0][17]/D
  -------------------------------------------------------------------    -------------------

                         (clock clk_i rise edge)      5.000     5.000 r  
                                                      0.000     5.000 r  clk_i (IN)
                         net (fo=39285, unset)        0.020     5.020    u_ex_stage/clk_i
                         FDCE                                         r  u_ex_stage/ex_result_q_reg[0][17]/C
                         clock pessimism              0.000     5.020    
                         clock uncertainty           -0.035     4.985    
                         FDCE (Setup_FDCE_C_D)        0.025     5.010    u_ex_stage/ex_result_q_reg[0][17]
  -------------------------------------------------------------------
                         required time                          5.010    
                         arrival time                          -8.409    
  -------------------------------------------------------------------
                         slack                                 -3.399    





Min Delay Paths
--------------------------------------------------------------------------------------
Slack (MET) :             0.046ns  (arrival time - required time)
  Source:                 u_csr_regfile/wdata_q_reg[7]/C
                            (rising edge-triggered cell FDCE clocked by clk_i  {rise@0.000ns fall@2.500ns period=5.000ns})
  Destination:            u_imem/u_imem_xpm/xpm_memory_base_inst/gen_wr_a.gen_word_narrow.mem_reg_bram_0/DINADIN[7]
                            (rising edge-triggered cell RAMB36E2 clocked by clk_i  {rise@0.000ns fall@2.500ns period=5.000ns})
  Path Group:             clk_i
  Path Type:              Hold (Min at Fast Process Corner)
  Requirement:            0.000ns  (clk_i rise@0.000ns - clk_i rise@0.000ns)
  Data Path Delay:        0.082ns  (logic 0.038ns (46.341%)  route 0.044ns (53.659%))
  Logic Levels:           0  
  Clock Path Skew:        0.041ns (DCD - SCD - CPR)
    Destination Clock Delay (DCD):    0.053ns
    Source Clock Delay      (SCD):    0.012ns
    Clock Pessimism Removal (CPR):    -0.000ns

    Location             Delay type                Incr(ns)  Path(ns)    Netlist Resource(s)
  -------------------------------------------------------------------    -------------------
                         (clock clk_i rise edge)      0.000     0.000 r  
                                                      0.000     0.000 r  clk_i (IN)
                         net (fo=39285, unset)        0.012     0.012    u_csr_regfile/clk_i
                         FDCE                                         r  u_csr_regfile/wdata_q_reg[7]/C
  -------------------------------------------------------------------    -------------------
                         FDCE (Prop_FDCE_C_Q)         0.038     0.050 r  u_csr_regfile/wdata_q_reg[7]/Q
                         net (fo=2, unplaced)         0.044     0.094    u_imem/u_imem_xpm/xpm_memory_base_inst/dina[7]
                         RAMB36E2                                     r  u_imem/u_imem_xpm/xpm_memory_base_inst/gen_wr_a.gen_word_narrow.mem_reg_bram_0/DINADIN[7]
  -------------------------------------------------------------------    -------------------

                         (clock clk_i rise edge)      0.000     0.000 r  
                                                      0.000     0.000 r  clk_i (IN)
                         net (fo=39285, unset)        0.053     0.053    u_imem/u_imem_xpm/xpm_memory_base_inst/clka
                         RAMB36E2                                     r  u_imem/u_imem_xpm/xpm_memory_base_inst/gen_wr_a.gen_word_narrow.mem_reg_bram_0/CLKARDCLK
                         clock pessimism              0.000     0.053    
                         RAMB36E2 (Hold_RAMB36E2_CLKARDCLK_DINADIN[7])
                                                     -0.005     0.048    u_imem/u_imem_xpm/xpm_memory_base_inst/gen_wr_a.gen_word_narrow.mem_reg_bram_0
  -------------------------------------------------------------------
                         required time                         -0.048    
                         arrival time                           0.094    
  -------------------------------------------------------------------
                         slack                                  0.046    





Pulse Width Checks
--------------------------------------------------------------------------------------
Clock Name:         clk_i
Waveform(ns):       { 0.000 2.500 }
Period(ns):         5.000
Sources:            { clk_i }

Check Type        Corner  Lib Pin             Reference Pin  Required(ns)  Actual(ns)  Slack(ns)  Location  Pin
Min Period        n/a     RAMB36E2/CLKARDCLK  n/a            1.569         5.000       3.431                u_imem/u_imem_xpm/xpm_memory_base_inst/gen_wr_a.gen_word_narrow.mem_reg_bram_0/CLKARDCLK
Low Pulse Width   Slow    RAMB36E2/CLKARDCLK  n/a            0.542         2.500       1.958                u_imem/u_imem_xpm/xpm_memory_base_inst/gen_wr_a.gen_word_narrow.mem_reg_bram_0/CLKARDCLK
High Pulse Width  Slow    RAMB36E2/CLKARDCLK  n/a            0.542         2.500       1.958                u_imem/u_imem_xpm/xpm_memory_base_inst/gen_wr_a.gen_word_narrow.mem_reg_bram_0/CLKARDCLK



