Copyright 1986-2022 Xilinx, Inc. All Rights Reserved. Copyright 2022-2023 Advanced Micro Devices, Inc. All Rights Reserved.
--------------------------------------------------------------------------------------------------------------------------------------------------
| Tool Version      : Vivado v.2023.1 (lin64) Build 3865809 Sun May  7 15:04:56 MDT 2023
| Date              : Wed Jul 29 22:46:34 2026
| Host              : localhost.localdomain running 64-bit CentOS Linux release 7.9.2009 (Core)
| Command           : report_timing_summary -file soc_top_ooc_timing_summary.rpt
| Design            : aec_soc_top
| Device            : xcu280-fsvh2892
| Speed File        : -2L  PRODUCTION 1.30 05-01-2022
| Design State      : Synthesized
| Temperature Grade : E
--------------------------------------------------------------------------------------------------------------------------------------------------

Timing Summary Report

------------------------------------------------------------------------------------------------
| Timer Settings
| --------------
------------------------------------------------------------------------------------------------

  Enable Multi Corner Analysis               :  Yes
  Enable Pessimism Removal                   :  Yes
  Pessimism Removal Resolution               :  Nearest Common Node
  Enable Input Delay Default Clock           :  No
  Enable Preset / Clear Arcs                 :  No
  Disable Flight Delays                      :  No
  Ignore I/O Paths                           :  No
  Timing Early Launch at Borrowing Latches   :  No
  Borrow Time for Max Delay Exceptions       :  Yes
  Merge Timing Exceptions                    :  Yes

  Corner  Analyze    Analyze    
  Name    Max Paths  Min Paths  
  ------  ---------  ---------  
  Slow    Yes        Yes        
  Fast    Yes        Yes        


------------------------------------------------------------------------------------------------
| Report Methodology
| ------------------
------------------------------------------------------------------------------------------------

No report available as report_methodology has not been run prior. Run report_methodology on the current design for the summary of methodology violations.



check_timing report

Table of Contents
-----------------
1. checking no_clock (0)
2. checking constant_clock (0)
3. checking pulse_width_clock (0)
4. checking unconstrained_internal_endpoints (0)
5. checking no_input_delay (2238)
6. checking no_output_delay (2555)
7. checking multiple_clock (0)
8. checking generated_clocks (0)
9. checking loops (0)
10. checking partial_input_delay (0)
11. checking partial_output_delay (0)
12. checking latch_loops (0)

1. checking no_clock (0)
------------------------
 There are 0 register/latch pins with no clock.


2. checking constant_clock (0)
------------------------------
 There are 0 register/latch pins with constant_clock.


3. checking pulse_width_clock (0)
---------------------------------
 There are 0 register/latch pins which need pulse_width check


4. checking unconstrained_internal_endpoints (0)
------------------------------------------------
 There are 0 pins that are not constrained for maximum delay.

 There are 0 pins that are not constrained for maximum delay due to constant clock.


5. checking no_input_delay (2238)
---------------------------------
 There are 2238 input ports with no input delay specified. (HIGH)

 There are 0 input ports with no input delay but user has a false path constraint.


6. checking no_output_delay (2555)
----------------------------------
 There are 2555 ports with no output delay specified. (HIGH)

 There are 0 ports with no output delay but user has a false path constraint

 There are 0 ports with no output delay but with a timing clock defined on it or propagating through it


7. checking multiple_clock (0)
------------------------------
 There are 0 register/latch pins with multiple clocks.


8. checking generated_clocks (0)
--------------------------------
 There are 0 generated clocks that are not connected to a clock source.


9. checking loops (0)
---------------------
 There are 0 combinational loops in the design.


10. checking partial_input_delay (0)
------------------------------------
 There are 0 input ports with partial input delay specified.


11. checking partial_output_delay (0)
-------------------------------------
 There are 0 ports with partial output delay specified.


12. checking latch_loops (0)
----------------------------
 There are 0 combinational latch loops in the design through latch input



------------------------------------------------------------------------------------------------
| Design Timing Summary
| ---------------------
------------------------------------------------------------------------------------------------

    WNS(ns)      TNS(ns)  TNS Failing Endpoints  TNS Total Endpoints      WHS(ns)      THS(ns)  THS Failing Endpoints  THS Total Endpoints     WPWS(ns)     TPWS(ns)  TPWS Failing Endpoints  TPWS Total Endpoints  
    -------      -------  ---------------------  -------------------      -------      -------  ---------------------  -------------------     --------     --------  ----------------------  --------------------  
      0.339        0.000                      0                76066        0.046        0.000                      0                76066        1.958        0.000                       0                 39752  


All user specified timing constraints are met.


------------------------------------------------------------------------------------------------
| Clock Summary
| -------------
------------------------------------------------------------------------------------------------

Clock   Waveform(ns)         Period(ns)      Frequency(MHz)
-----   ------------         ----------      --------------
ap_clk  {0.000 2.500}        5.000           200.000         


------------------------------------------------------------------------------------------------
| Intra Clock Table
| -----------------
------------------------------------------------------------------------------------------------

Clock             WNS(ns)      TNS(ns)  TNS Failing Endpoints  TNS Total Endpoints      WHS(ns)      THS(ns)  THS Failing Endpoints  THS Total Endpoints     WPWS(ns)     TPWS(ns)  TPWS Failing Endpoints  TPWS Total Endpoints  
-----             -------      -------  ---------------------  -------------------      -------      -------  ---------------------  -------------------     --------     --------  ----------------------  --------------------  
ap_clk              0.339        0.000                      0                76066        0.046        0.000                      0                76066        1.958        0.000                       0                 39752  


------------------------------------------------------------------------------------------------
| Inter Clock Table
| -----------------
------------------------------------------------------------------------------------------------

From Clock    To Clock          WNS(ns)      TNS(ns)  TNS Failing Endpoints  TNS Total Endpoints      WHS(ns)      THS(ns)  THS Failing Endpoints  THS Total Endpoints  
----------    --------          -------      -------  ---------------------  -------------------      -------      -------  ---------------------  -------------------  


------------------------------------------------------------------------------------------------
| Other Path Groups Table
| -----------------------
------------------------------------------------------------------------------------------------

Path Group    From Clock    To Clock          WNS(ns)      TNS(ns)  TNS Failing Endpoints  TNS Total Endpoints      WHS(ns)      THS(ns)  THS Failing Endpoints  THS Total Endpoints  
----------    ----------    --------          -------      -------  ---------------------  -------------------      -------      -------  ---------------------  -------------------  


------------------------------------------------------------------------------------------------
| Timing Details
| --------------
------------------------------------------------------------------------------------------------


---------------------------------------------------------------------------------------------------
From Clock:  ap_clk
  To Clock:  ap_clk

Setup :            0  Failing Endpoints,  Worst Slack        0.339ns,  Total Violation        0.000ns
Hold  :            0  Failing Endpoints,  Worst Slack        0.046ns,  Total Violation        0.000ns
PW    :            0  Failing Endpoints,  Worst Slack        1.958ns,  Total Violation        0.000ns
---------------------------------------------------------------------------------------------------


Max Delay Paths
--------------------------------------------------------------------------------------
Slack (MET) :             0.339ns  (required time - arrival time)
  Source:                 u_aec_soc_core/u_cu_top/u_imem/u_imem_xpm/xpm_memory_base_inst/gen_wr_a.gen_word_narrow.mem_reg_bram_3/CLKBWRCLK
                            (rising edge-triggered cell RAMB36E2 clocked by ap_clk  {rise@0.000ns fall@2.500ns period=5.000ns})
  Destination:            u_aec_soc_core/u_cu_top/u_scoreboard/pending_q_reg[0][0]/CE
                            (rising edge-triggered cell FDCE clocked by ap_clk  {rise@0.000ns fall@2.500ns period=5.000ns})
  Path Group:             ap_clk
  Path Type:              Setup (Max at Slow Process Corner)
  Requirement:            5.000ns  (ap_clk rise@5.000ns - ap_clk rise@0.000ns)
  Data Path Delay:        4.509ns  (logic 1.917ns (42.515%)  route 2.592ns (57.485%))
  Logic Levels:           14  (LUT3=1 LUT4=1 LUT5=3 LUT6=7 MUXF7=1 MUXF8=1)
  Clock Path Skew:        -0.056ns (DCD - SCD + CPR)
    Destination Clock Delay (DCD):    0.020ns = ( 5.020 - 5.000 ) 
    Source Clock Delay      (SCD):    0.076ns
    Clock Pessimism Removal (CPR):    0.000ns
  Clock Uncertainty:      0.035ns  ((TSJ^2 + TIJ^2)^1/2 + DJ) / 2 + PE
    Total System Jitter     (TSJ):    0.071ns
    Total Input Jitter      (TIJ):    0.000ns
    Discrete Jitter          (DJ):    0.000ns
    Phase Error              (PE):    0.000ns

    Location             Delay type                Incr(ns)  Path(ns)    Netlist Resource(s)
  -------------------------------------------------------------------    -------------------
                         (clock ap_clk rise edge)     0.000     0.000 r  
                                                      0.000     0.000 r  ap_clk (IN)
                         net (fo=39861, unset)        0.076     0.076    u_aec_soc_core/u_cu_top/u_imem/u_imem_xpm/xpm_memory_base_inst/clka
                         RAMB36E2                                     r  u_aec_soc_core/u_cu_top/u_imem/u_imem_xpm/xpm_memory_base_inst/gen_wr_a.gen_word_narrow.mem_reg_bram_3/CLKBWRCLK
  -------------------------------------------------------------------    -------------------
                         RAMB36E2 (Prop_RAMB36E2_CLKBWRCLK_DOUTBDOUT[29])
                                                      0.863     0.939 f  u_aec_soc_core/u_cu_top/u_imem/u_imem_xpm/xpm_memory_base_inst/gen_wr_a.gen_word_narrow.mem_reg_bram_3/DOUTBDOUT[29]
                         net (fo=7, unplaced)         0.216     1.155    u_aec_soc_core/u_cu_top/u_issue_stage/if_data_o[30]
                         LUT4 (Prop_LUT4_I0_O)        0.139     1.294 f  u_aec_soc_core/u_cu_top/u_issue_stage/issue_src3_reg_q[7]_i_10/O
                         net (fo=1, unplaced)         0.185     1.479    u_aec_soc_core/u_cu_top/u_issue_stage/issue_src3_reg_q[7]_i_10_n_0
                         LUT5 (Prop_LUT5_I4_O)        0.070     1.549 f  u_aec_soc_core/u_cu_top/u_issue_stage/issue_src3_reg_q[7]_i_8/O
                         net (fo=1, unplaced)         0.185     1.734    u_aec_soc_core/u_cu_top/u_issue_stage/issue_src3_reg_q[7]_i_8_n_0
                         LUT6 (Prop_LUT6_I5_O)        0.038     1.772 r  u_aec_soc_core/u_cu_top/u_issue_stage/issue_src3_reg_q[7]_i_4/O
                         net (fo=23, unplaced)        0.237     2.009    u_aec_soc_core/u_cu_top/u_issue_stage/gen_wr_a.gen_word_narrow.mem_reg_bram_2_2
                         LUT3 (Prop_LUT3_I1_O)        0.070     2.079 r  u_aec_soc_core/u_cu_top/u_issue_stage/beat_q[1]_i_2451/O
                         net (fo=128, unplaced)       0.189     2.268    u_aec_soc_core/u_cu_top/u_warp_scheduler/beat_q[1]_i_1257_0
                         LUT5 (Prop_LUT5_I2_O)        0.125     2.393 f  u_aec_soc_core/u_cu_top/u_warp_scheduler/beat_q[1]_i_2376/O
                         net (fo=4, unplaced)         0.153     2.546    u_aec_soc_core/u_cu_top/u_warp_scheduler/beat_q[1]_i_2376_n_0
                         LUT6 (Prop_LUT6_I0_O)        0.099     2.645 f  u_aec_soc_core/u_cu_top/u_warp_scheduler/beat_q[1]_i_1142/O
                         net (fo=1, unplaced)         0.032     2.677    u_aec_soc_core/u_cu_top/u_warp_scheduler/beat_q[1]_i_1142_n_0
                         MUXF7 (Prop_MUXF7_I0_O)      0.069     2.746 f  u_aec_soc_core/u_cu_top/u_warp_scheduler/beat_q_reg[1]_i_460/O
                         net (fo=1, unplaced)         0.000     2.746    u_aec_soc_core/u_cu_top/u_warp_scheduler/beat_q_reg[1]_i_460_n_0
                         MUXF8 (Prop_MUXF8_I0_O)      0.030     2.776 f  u_aec_soc_core/u_cu_top/u_warp_scheduler/beat_q_reg[1]_i_186/O
                         net (fo=1, unplaced)         0.187     2.963    u_aec_soc_core/u_cu_top/u_warp_scheduler/beat_q_reg[1]_i_186_n_0
                         LUT6 (Prop_LUT6_I0_O)        0.100     3.063 f  u_aec_soc_core/u_cu_top/u_warp_scheduler/beat_q[1]_i_71/O
                         net (fo=1, unplaced)         0.185     3.248    u_aec_soc_core/u_cu_top/u_warp_scheduler/beat_q[1]_i_71_n_0
                         LUT6 (Prop_LUT6_I4_O)        0.038     3.286 f  u_aec_soc_core/u_cu_top/u_warp_scheduler/beat_q[1]_i_29/O
                         net (fo=1, unplaced)         0.141     3.427    u_aec_soc_core/u_cu_top/u_warp_scheduler/beat_q[1]_i_29_n_0
                         LUT5 (Prop_LUT5_I1_O)        0.100     3.527 f  u_aec_soc_core/u_cu_top/u_warp_scheduler/beat_q[1]_i_9/O
                         net (fo=2, unplaced)         0.141     3.668    u_aec_soc_core/u_cu_top/u_warp_scheduler/u_scoreboard/raw_src3
                         LUT6 (Prop_LUT6_I1_O)        0.100     3.768 r  u_aec_soc_core/u_cu_top/u_warp_scheduler/issue_src3_reg_q[7]_i_3/O
                         net (fo=15, unplaced)        0.227     3.995    u_aec_soc_core/u_cu_top/u_warp_scheduler/accept_dec
                         LUT6 (Prop_LUT6_I4_O)        0.038     4.033 r  u_aec_soc_core/u_cu_top/u_warp_scheduler/pending_q[0][255]_i_6/O
                         net (fo=85, unplaced)        0.267     4.300    u_aec_soc_core/u_cu_top/u_warp_scheduler/scoreboard_mark_valid
                         LUT6 (Prop_LUT6_I5_O)        0.038     4.338 r  u_aec_soc_core/u_cu_top/u_warp_scheduler/pending_q[0][255]_i_1/O
                         net (fo=256, unplaced)       0.247     4.585    u_aec_soc_core/u_cu_top/u_scoreboard/pending_q_reg[0][255]_1[0]
                         FDCE                                         r  u_aec_soc_core/u_cu_top/u_scoreboard/pending_q_reg[0][0]/CE
  -------------------------------------------------------------------    -------------------

                         (clock ap_clk rise edge)     5.000     5.000 r  
                                                      0.000     5.000 r  ap_clk (IN)
                         net (fo=39861, unset)        0.020     5.020    u_aec_soc_core/u_cu_top/u_scoreboard/ap_clk
                         FDCE                                         r  u_aec_soc_core/u_cu_top/u_scoreboard/pending_q_reg[0][0]/C
                         clock pessimism              0.000     5.020    
                         clock uncertainty           -0.035     4.985    
                         FDCE (Setup_FDCE_C_CE)      -0.061     4.924    u_aec_soc_core/u_cu_top/u_scoreboard/pending_q_reg[0][0]
  -------------------------------------------------------------------
                         required time                          4.924    
                         arrival time                          -4.585    
  -------------------------------------------------------------------
                         slack                                  0.339    





Min Delay Paths
--------------------------------------------------------------------------------------
Slack (MET) :             0.046ns  (arrival time - required time)
  Source:                 u_aec_soc_core/u_cu_top/u_csr_regfile/wdata_q_reg[7]/C
                            (rising edge-triggered cell FDCE clocked by ap_clk  {rise@0.000ns fall@2.500ns period=5.000ns})
  Destination:            u_aec_soc_core/u_cu_top/u_imem/u_imem_xpm/xpm_memory_base_inst/gen_wr_a.gen_word_narrow.mem_reg_bram_0/DINADIN[7]
                            (rising edge-triggered cell RAMB36E2 clocked by ap_clk  {rise@0.000ns fall@2.500ns period=5.000ns})
  Path Group:             ap_clk
  Path Type:              Hold (Min at Fast Process Corner)
  Requirement:            0.000ns  (ap_clk rise@0.000ns - ap_clk rise@0.000ns)
  Data Path Delay:        0.082ns  (logic 0.038ns (46.341%)  route 0.044ns (53.659%))
  Logic Levels:           0  
  Clock Path Skew:        0.041ns (DCD - SCD - CPR)
    Destination Clock Delay (DCD):    0.053ns
    Source Clock Delay      (SCD):    0.012ns
    Clock Pessimism Removal (CPR):    -0.000ns

    Location             Delay type                Incr(ns)  Path(ns)    Netlist Resource(s)
  -------------------------------------------------------------------    -------------------
                         (clock ap_clk rise edge)     0.000     0.000 r  
                                                      0.000     0.000 r  ap_clk (IN)
                         net (fo=39861, unset)        0.012     0.012    u_aec_soc_core/u_cu_top/u_csr_regfile/ap_clk
                         FDCE                                         r  u_aec_soc_core/u_cu_top/u_csr_regfile/wdata_q_reg[7]/C
  -------------------------------------------------------------------    -------------------
                         FDCE (Prop_FDCE_C_Q)         0.038     0.050 r  u_aec_soc_core/u_cu_top/u_csr_regfile/wdata_q_reg[7]/Q
                         net (fo=2, unplaced)         0.044     0.094    u_aec_soc_core/u_cu_top/u_imem/u_imem_xpm/xpm_memory_base_inst/dina[7]
                         RAMB36E2                                     r  u_aec_soc_core/u_cu_top/u_imem/u_imem_xpm/xpm_memory_base_inst/gen_wr_a.gen_word_narrow.mem_reg_bram_0/DINADIN[7]
  -------------------------------------------------------------------    -------------------

                         (clock ap_clk rise edge)     0.000     0.000 r  
                                                      0.000     0.000 r  ap_clk (IN)
                         net (fo=39861, unset)        0.053     0.053    u_aec_soc_core/u_cu_top/u_imem/u_imem_xpm/xpm_memory_base_inst/clka
                         RAMB36E2                                     r  u_aec_soc_core/u_cu_top/u_imem/u_imem_xpm/xpm_memory_base_inst/gen_wr_a.gen_word_narrow.mem_reg_bram_0/CLKARDCLK
                         clock pessimism              0.000     0.053    
                         RAMB36E2 (Hold_RAMB36E2_CLKARDCLK_DINADIN[7])
                                                     -0.005     0.048    u_aec_soc_core/u_cu_top/u_imem/u_imem_xpm/xpm_memory_base_inst/gen_wr_a.gen_word_narrow.mem_reg_bram_0
  -------------------------------------------------------------------
                         required time                         -0.048    
                         arrival time                           0.094    
  -------------------------------------------------------------------
                         slack                                  0.046    





Pulse Width Checks
--------------------------------------------------------------------------------------
Clock Name:         ap_clk
Waveform(ns):       { 0.000 2.500 }
Period(ns):         5.000
Sources:            { ap_clk }

Check Type        Corner  Lib Pin             Reference Pin  Required(ns)  Actual(ns)  Slack(ns)  Location  Pin
Min Period        n/a     RAMB36E2/CLKARDCLK  n/a            1.569         5.000       3.431                u_aec_soc_core/u_cu_top/u_imem/u_imem_xpm/xpm_memory_base_inst/gen_wr_a.gen_word_narrow.mem_reg_bram_0/CLKARDCLK
Low Pulse Width   Slow    RAMB36E2/CLKARDCLK  n/a            0.542         2.500       1.958                u_aec_soc_core/u_cu_top/u_imem/u_imem_xpm/xpm_memory_base_inst/gen_wr_a.gen_word_narrow.mem_reg_bram_0/CLKARDCLK
High Pulse Width  Slow    RAMB36E2/CLKARDCLK  n/a            0.542         2.500       1.958                u_aec_soc_core/u_cu_top/u_imem/u_imem_xpm/xpm_memory_base_inst/gen_wr_a.gen_word_narrow.mem_reg_bram_0/CLKARDCLK



