Copyright 1986-2022 Xilinx, Inc. All Rights Reserved. Copyright 2022-2023 Advanced Micro Devices, Inc. All Rights Reserved.
--------------------------------------------------------------------------------------------------------------------------------------------------
| Tool Version      : Vivado v.2023.1 (lin64) Build 3865809 Sun May  7 15:04:56 MDT 2023
| Date              : Wed Jul 29 01:27:08 2026
| Host              : localhost.localdomain running 64-bit CentOS Linux release 7.9.2009 (Core)
| Command           : report_timing_summary -file soc_top_ooc_timing_summary.rpt
| Design            : aec_soc_top
| Device            : xcu280-fsvh2892
| Speed File        : -2L  PRODUCTION 1.30 05-01-2022
| Design State      : Synthesized
| Temperature Grade : E
--------------------------------------------------------------------------------------------------------------------------------------------------

Timing Summary Report

------------------------------------------------------------------------------------------------
| Timer Settings
| --------------
------------------------------------------------------------------------------------------------

  Enable Multi Corner Analysis               :  Yes
  Enable Pessimism Removal                   :  Yes
  Pessimism Removal Resolution               :  Nearest Common Node
  Enable Input Delay Default Clock           :  No
  Enable Preset / Clear Arcs                 :  No
  Disable Flight Delays                      :  No
  Ignore I/O Paths                           :  No
  Timing Early Launch at Borrowing Latches   :  No
  Borrow Time for Max Delay Exceptions       :  Yes
  Merge Timing Exceptions                    :  Yes

  Corner  Analyze    Analyze    
  Name    Max Paths  Min Paths  
  ------  ---------  ---------  
  Slow    Yes        Yes        
  Fast    Yes        Yes        


------------------------------------------------------------------------------------------------
| Report Methodology
| ------------------
------------------------------------------------------------------------------------------------

No report available as report_methodology has not been run prior. Run report_methodology on the current design for the summary of methodology violations.



check_timing report

Table of Contents
-----------------
1. checking no_clock (0)
2. checking constant_clock (0)
3. checking pulse_width_clock (0)
4. checking unconstrained_internal_endpoints (0)
5. checking no_input_delay (687)
6. checking no_output_delay (672)
7. checking multiple_clock (0)
8. checking generated_clocks (0)
9. checking loops (0)
10. checking partial_input_delay (0)
11. checking partial_output_delay (0)
12. checking latch_loops (0)

1. checking no_clock (0)
------------------------
 There are 0 register/latch pins with no clock.


2. checking constant_clock (0)
------------------------------
 There are 0 register/latch pins with constant_clock.


3. checking pulse_width_clock (0)
---------------------------------
 There are 0 register/latch pins which need pulse_width check


4. checking unconstrained_internal_endpoints (0)
------------------------------------------------
 There are 0 pins that are not constrained for maximum delay.

 There are 0 pins that are not constrained for maximum delay due to constant clock.


5. checking no_input_delay (687)
--------------------------------
 There are 687 input ports with no input delay specified. (HIGH)

 There are 0 input ports with no input delay but user has a false path constraint.


6. checking no_output_delay (672)
---------------------------------
 There are 672 ports with no output delay specified. (HIGH)

 There are 0 ports with no output delay but user has a false path constraint

 There are 0 ports with no output delay but with a timing clock defined on it or propagating through it


7. checking multiple_clock (0)
------------------------------
 There are 0 register/latch pins with multiple clocks.


8. checking generated_clocks (0)
--------------------------------
 There are 0 generated clocks that are not connected to a clock source.


9. checking loops (0)
---------------------
 There are 0 combinational loops in the design.


10. checking partial_input_delay (0)
------------------------------------
 There are 0 input ports with partial input delay specified.


11. checking partial_output_delay (0)
-------------------------------------
 There are 0 ports with partial output delay specified.


12. checking latch_loops (0)
----------------------------
 There are 0 combinational latch loops in the design through latch input



------------------------------------------------------------------------------------------------
| Design Timing Summary
| ---------------------
------------------------------------------------------------------------------------------------

    WNS(ns)      TNS(ns)  TNS Failing Endpoints  TNS Total Endpoints      WHS(ns)      THS(ns)  THS Failing Endpoints  THS Total Endpoints     WPWS(ns)     TPWS(ns)  TPWS Failing Endpoints  TPWS Total Endpoints  
    -------      -------  ---------------------  -------------------      -------      -------  ---------------------  -------------------     --------     --------  ----------------------  --------------------  
     -5.757    -3777.458                    796                62948        0.046        0.000                      0                62948        1.958        0.000                       0                 30503  


Timing constraints are not met.


------------------------------------------------------------------------------------------------
| Clock Summary
| -------------
------------------------------------------------------------------------------------------------

Clock   Waveform(ns)         Period(ns)      Frequency(MHz)
-----   ------------         ----------      --------------
ap_clk  {0.000 2.500}        5.000           200.000         


------------------------------------------------------------------------------------------------
| Intra Clock Table
| -----------------
------------------------------------------------------------------------------------------------

Clock             WNS(ns)      TNS(ns)  TNS Failing Endpoints  TNS Total Endpoints      WHS(ns)      THS(ns)  THS Failing Endpoints  THS Total Endpoints     WPWS(ns)     TPWS(ns)  TPWS Failing Endpoints  TPWS Total Endpoints  
-----             -------      -------  ---------------------  -------------------      -------      -------  ---------------------  -------------------     --------     --------  ----------------------  --------------------  
ap_clk             -5.757    -3777.458                    796                62948        0.046        0.000                      0                62948        1.958        0.000                       0                 30503  


------------------------------------------------------------------------------------------------
| Inter Clock Table
| -----------------
------------------------------------------------------------------------------------------------

From Clock    To Clock          WNS(ns)      TNS(ns)  TNS Failing Endpoints  TNS Total Endpoints      WHS(ns)      THS(ns)  THS Failing Endpoints  THS Total Endpoints  
----------    --------          -------      -------  ---------------------  -------------------      -------      -------  ---------------------  -------------------  


------------------------------------------------------------------------------------------------
| Other Path Groups Table
| -----------------------
------------------------------------------------------------------------------------------------

Path Group    From Clock    To Clock          WNS(ns)      TNS(ns)  TNS Failing Endpoints  TNS Total Endpoints      WHS(ns)      THS(ns)  THS Failing Endpoints  THS Total Endpoints  
----------    ----------    --------          -------      -------  ---------------------  -------------------      -------      -------  ---------------------  -------------------  


------------------------------------------------------------------------------------------------
| Timing Details
| --------------
------------------------------------------------------------------------------------------------


---------------------------------------------------------------------------------------------------
From Clock:  ap_clk
  To Clock:  ap_clk

Setup :          796  Failing Endpoints,  Worst Slack       -5.757ns,  Total Violation    -3777.458ns
Hold  :            0  Failing Endpoints,  Worst Slack        0.046ns,  Total Violation        0.000ns
PW    :            0  Failing Endpoints,  Worst Slack        1.958ns,  Total Violation        0.000ns
---------------------------------------------------------------------------------------------------


Max Delay Paths
--------------------------------------------------------------------------------------
Slack (VIOLATED) :        -5.757ns  (required time - arrival time)
  Source:                 u_cu_top/u_mma_core/a_pack_q_reg[19][1][13]/C
                            (rising edge-triggered cell FDCE clocked by ap_clk  {rise@0.000ns fall@2.500ns period=5.000ns})
  Destination:            u_cu_top/u_mma_core/u_fp32_fma/u_aec_fp32_fma/inst/i_synth/FMA_OP.OP/addsub/add/OP/RESULT_REG.NORMAL.exp_op_reg[7]/D
                            (rising edge-triggered cell FDRE clocked by ap_clk  {rise@0.000ns fall@2.500ns period=5.000ns})
  Path Group:             ap_clk
  Path Type:              Setup (Max at Slow Process Corner)
  Requirement:            5.000ns  (ap_clk rise@5.000ns - ap_clk rise@0.000ns)
  Data Path Delay:        10.739ns  (logic 5.666ns (52.761%)  route 5.073ns (47.239%))
  Logic Levels:           49  (CARRY8=13 DSP_A_B_DATA=1 DSP_ALU=2 DSP_M_DATA=1 DSP_MULTIPLIER=1 DSP_OUTPUT=2 DSP_PREADD_DATA=1 LUT2=1 LUT3=2 LUT4=7 LUT5=4 LUT6=10 MUXF7=2 MUXF8=2)
  Clock Path Skew:        -0.008ns (DCD - SCD + CPR)
    Destination Clock Delay (DCD):    0.020ns = ( 5.020 - 5.000 ) 
    Source Clock Delay      (SCD):    0.028ns
    Clock Pessimism Removal (CPR):    0.000ns
  Clock Uncertainty:      0.035ns  ((TSJ^2 + TIJ^2)^1/2 + DJ) / 2 + PE
    Total System Jitter     (TSJ):    0.071ns
    Total Input Jitter      (TIJ):    0.000ns
    Discrete Jitter          (DJ):    0.000ns
    Phase Error              (PE):    0.000ns

    Location             Delay type                Incr(ns)  Path(ns)    Netlist Resource(s)
  -------------------------------------------------------------------    -------------------
                         (clock ap_clk rise edge)     0.000     0.000 r  
                                                      0.000     0.000 r  ap_clk (IN)
                         net (fo=30622, unset)        0.028     0.028    u_cu_top/u_mma_core/ap_clk
                         FDCE                                         r  u_cu_top/u_mma_core/a_pack_q_reg[19][1][13]/C
  -------------------------------------------------------------------    -------------------
                         FDCE (Prop_FDCE_C_Q)         0.077     0.105 f  u_cu_top/u_mma_core/a_pack_q_reg[19][1][13]/Q
                         net (fo=1, unplaced)         0.154     0.259    u_cu_top/u_mma_core/u_fp32_fma/u_aec_fp32_fma_i_857_0[13]
                         LUT6 (Prop_LUT6_I0_O)        0.145     0.404 f  u_cu_top/u_mma_core/u_fp32_fma/u_aec_fp32_fma_i_2697/O
                         net (fo=1, unplaced)         0.032     0.436    u_cu_top/u_mma_core/u_fp32_fma/u_aec_fp32_fma_i_2697_n_0
                         MUXF7 (Prop_MUXF7_I0_O)      0.069     0.505 f  u_cu_top/u_mma_core/u_fp32_fma/u_aec_fp32_fma_i_1001/O
                         net (fo=1, unplaced)         0.000     0.505    u_cu_top/u_mma_core/u_fp32_fma/u_aec_fp32_fma_i_1001_n_0
                         MUXF8 (Prop_MUXF8_I0_O)      0.030     0.535 f  u_cu_top/u_mma_core/u_fp32_fma/u_aec_fp32_fma_i_345/O
                         net (fo=1, unplaced)         0.187     0.722    u_cu_top/u_mma_core/u_fp32_fma/u_aec_fp32_fma_i_345_n_0
                         LUT6 (Prop_LUT6_I0_O)        0.100     0.822 f  u_cu_top/u_mma_core/u_fp32_fma/u_aec_fp32_fma_i_125/O
                         net (fo=1, unplaced)         0.141     0.963    u_cu_top/u_mma_core/u_fp32_fma/word[13]
                         LUT6 (Prop_LUT6_I0_O)        0.100     1.063 f  u_cu_top/u_mma_core/u_fp32_fma/u_aec_fp32_fma_i_60/O
                         net (fo=3, unplaced)         0.147     1.210    u_cu_top/u_mma_core/u_fp32_fma/pick_fp8_byte_return[5]
                         LUT4 (Prop_LUT4_I0_O)        0.139     1.349 r  u_cu_top/u_mma_core/u_fp32_fma/u_aec_fp32_fma_i_59/O
                         net (fo=9, unplaced)         0.216     1.565    u_cu_top/u_mma_core/u_fp32_fma/p_1_in__0
                         LUT4 (Prop_LUT4_I1_O)        0.038     1.603 f  u_cu_top/u_mma_core/u_fp32_fma/u_aec_fp32_fma_i_8/O
                         net (fo=2, unplaced)         0.163     1.766    u_cu_top/u_mma_core/u_fp32_fma/u_aec_fp32_fma/inst/i_synth/FMA_OP.OP/mul/MULT/gDSP.gDSP_only.iDSP/use_prim.appDSP48[0].bppDSP48[0].use_dsp.use_dsp48e2.iDSP48E2/A[22]
                         DSP_A_B_DATA (Prop_DSP_A_B_DATA_A[22]_A2_DATA[22])
                                                      0.192     1.958 r  u_cu_top/u_mma_core/u_fp32_fma/u_aec_fp32_fma/inst/i_synth/FMA_OP.OP/mul/MULT/gDSP.gDSP_only.iDSP/use_prim.appDSP48[0].bppDSP48[0].use_dsp.use_dsp48e2.iDSP48E2/DSP_A_B_DATA_INST/A2_DATA[22]
                         net (fo=1, unplaced)         0.000     1.958    u_cu_top/u_mma_core/u_fp32_fma/u_aec_fp32_fma/inst/i_synth/FMA_OP.OP/mul/MULT/gDSP.gDSP_only.iDSP/use_prim.appDSP48[0].bppDSP48[0].use_dsp.use_dsp48e2.iDSP48E2/DSP_A_B_DATA.A2_DATA<22>
                         DSP_PREADD_DATA (Prop_DSP_PREADD_DATA_A2_DATA[22]_A2A1[22])
                                                      0.076     2.034 r  u_cu_top/u_mma_core/u_fp32_fma/u_aec_fp32_fma/inst/i_synth/FMA_OP.OP/mul/MULT/gDSP.gDSP_only.iDSP/use_prim.appDSP48[0].bppDSP48[0].use_dsp.use_dsp48e2.iDSP48E2/DSP_PREADD_DATA_INST/A2A1[22]
                         net (fo=1, unplaced)         0.000     2.034    u_cu_top/u_mma_core/u_fp32_fma/u_aec_fp32_fma/inst/i_synth/FMA_OP.OP/mul/MULT/gDSP.gDSP_only.iDSP/use_prim.appDSP48[0].bppDSP48[0].use_dsp.use_dsp48e2.iDSP48E2/DSP_PREADD_DATA.A2A1<22>
                         DSP_MULTIPLIER (Prop_DSP_MULTIPLIER_A2A1[22]_U[41])
                                                      0.505     2.539 f  u_cu_top/u_mma_core/u_fp32_fma/u_aec_fp32_fma/inst/i_synth/FMA_OP.OP/mul/MULT/gDSP.gDSP_only.iDSP/use_prim.appDSP48[0].bppDSP48[0].use_dsp.use_dsp48e2.iDSP48E2/DSP_MULTIPLIER_INST/U[41]
                         net (fo=1, unplaced)         0.000     2.539    u_cu_top/u_mma_core/u_fp32_fma/u_aec_fp32_fma/inst/i_synth/FMA_OP.OP/mul/MULT/gDSP.gDSP_only.iDSP/use_prim.appDSP48[0].bppDSP48[0].use_dsp.use_dsp48e2.iDSP48E2/DSP_MULTIPLIER.U<41>
                         DSP_M_DATA (Prop_DSP_M_DATA_U[41]_U_DATA[41])
                                                      0.047     2.586 r  u_cu_top/u_mma_core/u_fp32_fma/u_aec_fp32_fma/inst/i_synth/FMA_OP.OP/mul/MULT/gDSP.gDSP_only.iDSP/use_prim.appDSP48[0].bppDSP48[0].use_dsp.use_dsp48e2.iDSP48E2/DSP_M_DATA_INST/U_DATA[41]
                         net (fo=1, unplaced)         0.000     2.586    u_cu_top/u_mma_core/u_fp32_fma/u_aec_fp32_fma/inst/i_synth/FMA_OP.OP/mul/MULT/gDSP.gDSP_only.iDSP/use_prim.appDSP48[0].bppDSP48[0].use_dsp.use_dsp48e2.iDSP48E2/DSP_M_DATA.U_DATA<41>
                         DSP_ALU (Prop_DSP_ALU_U_DATA[41]_ALU_OUT[47])
                                                      0.585     3.171 f  u_cu_top/u_mma_core/u_fp32_fma/u_aec_fp32_fma/inst/i_synth/FMA_OP.OP/mul/MULT/gDSP.gDSP_only.iDSP/use_prim.appDSP48[0].bppDSP48[0].use_dsp.use_dsp48e2.iDSP48E2/DSP_ALU_INST/ALU_OUT[47]
                         net (fo=1, unplaced)         0.000     3.171    u_cu_top/u_mma_core/u_fp32_fma/u_aec_fp32_fma/inst/i_synth/FMA_OP.OP/mul/MULT/gDSP.gDSP_only.iDSP/use_prim.appDSP48[0].bppDSP48[0].use_dsp.use_dsp48e2.iDSP48E2/DSP_ALU.ALU_OUT<47>
                         DSP_OUTPUT (Prop_DSP_OUTPUT_ALU_OUT[47]_PCOUT[47])
                                                      0.122     3.293 r  u_cu_top/u_mma_core/u_fp32_fma/u_aec_fp32_fma/inst/i_synth/FMA_OP.OP/mul/MULT/gDSP.gDSP_only.iDSP/use_prim.appDSP48[0].bppDSP48[0].use_dsp.use_dsp48e2.iDSP48E2/DSP_OUTPUT_INST/PCOUT[47]
                         net (fo=1, unplaced)         0.014     3.307    u_cu_top/u_mma_core/u_fp32_fma/u_aec_fp32_fma/inst/i_synth/FMA_OP.OP/mul/MULT/gDSP.gDSP_only.iDSP/use_prim.appDSP48[0].bppDSP48[1].use_dsp.use_dsp48e2.iDSP48E2/PCIN[47]
                         DSP_ALU (Prop_DSP_ALU_PCIN[47]_ALU_OUT[15])
                                                      0.546     3.853 f  u_cu_top/u_mma_core/u_fp32_fma/u_aec_fp32_fma/inst/i_synth/FMA_OP.OP/mul/MULT/gDSP.gDSP_only.iDSP/use_prim.appDSP48[0].bppDSP48[1].use_dsp.use_dsp48e2.iDSP48E2/DSP_ALU_INST/ALU_OUT[15]
                         net (fo=1, unplaced)         0.000     3.853    u_cu_top/u_mma_core/u_fp32_fma/u_aec_fp32_fma/inst/i_synth/FMA_OP.OP/mul/MULT/gDSP.gDSP_only.iDSP/use_prim.appDSP48[0].bppDSP48[1].use_dsp.use_dsp48e2.iDSP48E2/DSP_ALU.ALU_OUT<15>
                         DSP_OUTPUT (Prop_DSP_OUTPUT_ALU_OUT[15]_P[15])
                                                      0.109     3.962 r  u_cu_top/u_mma_core/u_fp32_fma/u_aec_fp32_fma/inst/i_synth/FMA_OP.OP/mul/MULT/gDSP.gDSP_only.iDSP/use_prim.appDSP48[0].bppDSP48[1].use_dsp.use_dsp48e2.iDSP48E2/DSP_OUTPUT_INST/P[15]
                         net (fo=8, unplaced)         0.236     4.198    u_cu_top/u_mma_core/u_fp32_fma/u_aec_fp32_fma/inst/i_synth/FMA_OP.OP/mul/mul_result_wide[32]
                         LUT4 (Prop_LUT4_I1_O)        0.139     4.337 f  u_cu_top/u_mma_core/u_fp32_fma/u_aec_fp32_fma/inst/i_synth/FMA_OP.OP/mul/CHAIN_GEN[16].C_MUX.CARRY_MUX_i_2__2/O
                         net (fo=1, unplaced)         0.242     4.579    u_cu_top/u_mma_core/u_fp32_fma/u_aec_fp32_fma/inst/i_synth/FMA_OP.OP/addsub/add/EXP/NUMB_CMP1/NOT_FAST.CMP/C_CHAIN/CHAIN_GEN[23].C_MUX.CARRY_MUX_1[4]
                         CARRY8 (Prop_CARRY8_DI[0]_CO[7])
                                                      0.140     4.719 f  u_cu_top/u_mma_core/u_fp32_fma/u_aec_fp32_fma/inst/i_synth/FMA_OP.OP/addsub/add/EXP/NUMB_CMP1/NOT_FAST.CMP/C_CHAIN/CHAIN_GEN[16].C_MUX.CARRY_MUX_CARRY4_CARRY8/CO[7]
                         net (fo=1, unplaced)         0.005     4.724    u_cu_top/u_mma_core/u_fp32_fma/u_aec_fp32_fma/inst/i_synth/FMA_OP.OP/addsub/add/EXP/NUMB_CMP1/NOT_FAST.CMP/C_CHAIN/CHAIN_GEN[23].C_MUX.CARRY_MUX_n_0
                         CARRY8 (Prop_CARRY8_CI_CO[4])
                                                      0.092     4.816 f  u_cu_top/u_mma_core/u_fp32_fma/u_aec_fp32_fma/inst/i_synth/FMA_OP.OP/addsub/add/EXP/NUMB_CMP1/NOT_FAST.CMP/C_CHAIN/CHAIN_GEN[24].C_MUX.CARRY_MUX_CARRY4_CARRY8/CO[4]
                         net (fo=2, unplaced)         0.183     4.999    u_cu_top/u_mma_core/u_fp32_fma/u_aec_fp32_fma/inst/i_synth/FMA_OP.OP/addsub/add/EXP/NUMB_CMP0/NOT_FAST.CMP/C_CHAIN/CHAIN_GEN[0].C_MUX.CARRY_MUX_1[0]
                         LUT5 (Prop_LUT5_I4_O)        0.038     5.037 f  u_cu_top/u_mma_core/u_fp32_fma/u_aec_fp32_fma/inst/i_synth/FMA_OP.OP/addsub/add/EXP/NUMB_CMP0/NOT_FAST.CMP/C_CHAIN/CHAIN_GEN[0].C_MUX.CARRY_MUX_i_2__7/O
                         net (fo=52, unplaced)        0.256     5.293    u_cu_top/u_mma_core/u_fp32_fma/u_aec_fp32_fma/inst/i_synth/FMA_OP.OP/mul/b_largest
                         LUT6 (Prop_LUT6_I4_O)        0.038     5.331 f  u_cu_top/u_mma_core/u_fp32_fma/u_aec_fp32_fma/inst/i_synth/FMA_OP.OP/mul/CHAIN_GEN[1].C_MUX.CARRY_MUX_i_2__0/O
                         net (fo=3, unplaced)         0.147     5.478    u_cu_top/u_mma_core/u_fp32_fma/u_aec_fp32_fma/inst/i_synth/FMA_OP.OP/mul/sml_shift_mux__95[4]
                         LUT4 (Prop_LUT4_I0_O)        0.100     5.578 r  u_cu_top/u_mma_core/u_fp32_fma/u_aec_fp32_fma/inst/i_synth/FMA_OP.OP/mul/CHAIN_GEN[1].C_MUX.CARRY_MUX_i_1__2/O
                         net (fo=1, unplaced)         0.023     5.601    u_cu_top/u_mma_core/u_fp32_fma/u_aec_fp32_fma/inst/i_synth/FMA_OP.OP/addsub/add/ALIGN_BLK/aligner.ALIGN_SHIFT/ALIGN_Z_D/EQ_ZERO/CARRY_ZERO_DET/CHAIN_GEN[11].C_MUX.CARRY_MUX_0[1]
                         CARRY8 (Prop_CARRY8_S[1]_CO[7])
                                                      0.197     5.798 r  u_cu_top/u_mma_core/u_fp32_fma/u_aec_fp32_fma/inst/i_synth/FMA_OP.OP/addsub/add/ALIGN_BLK/aligner.ALIGN_SHIFT/ALIGN_Z_D/EQ_ZERO/CARRY_ZERO_DET/CHAIN_GEN[0].C_MUX.CARRY_MUX_CARRY4_CARRY8/CO[7]
                         net (fo=2, unplaced)         0.005     5.803    u_cu_top/u_mma_core/u_fp32_fma/u_aec_fp32_fma/inst/i_synth/FMA_OP.OP/addsub/add/ALIGN_BLK/aligner.ALIGN_SHIFT/ALIGN_Z_D/EQ_ZERO/CARRY_ZERO_DET/CARRYS_OUT[7]
                         CARRY8 (Prop_CARRY8_CI_CO[2])
                                                      0.057     5.860 r  u_cu_top/u_mma_core/u_fp32_fma/u_aec_fp32_fma/inst/i_synth/FMA_OP.OP/addsub/add/ALIGN_BLK/aligner.ALIGN_SHIFT/ALIGN_Z_D/EQ_ZERO/CARRY_ZERO_DET/CHAIN_GEN[8].C_MUX.CARRY_MUX_CARRY4_CARRY8/CO[2]
                         net (fo=1, unplaced)         0.185     6.045    u_cu_top/u_mma_core/u_fp32_fma/u_aec_fp32_fma/inst/i_synth/FMA_OP.OP/addsub/add/EXP/bma_exp_cc/CARRYS_OUT[10]
                         LUT6 (Prop_LUT6_I0_O)        0.038     6.083 r  u_cu_top/u_mma_core/u_fp32_fma/u_aec_fp32_fma/inst/i_synth/FMA_OP.OP/addsub/add/EXP/bma_exp_cc/MUX_LOOP[2].OTHER_LEVELS.DO_CHUNKS[0].LUT6_STRUCT_MUX.MUX1_i_7/O
                         net (fo=1, unplaced)         0.185     6.268    u_cu_top/u_mma_core/u_fp32_fma/u_aec_fp32_fma/inst/i_synth/FMA_OP.OP/addsub/add/EXP/bma_exp_cc/MUX_LOOP[2].OTHER_LEVELS.DO_CHUNKS[0].LUT6_STRUCT_MUX.MUX1_i_7_n_0
                         LUT6 (Prop_LUT6_I5_O)        0.038     6.306 r  u_cu_top/u_mma_core/u_fp32_fma/u_aec_fp32_fma/inst/i_synth/FMA_OP.OP/addsub/add/EXP/bma_exp_cc/MUX_LOOP[2].OTHER_LEVELS.DO_CHUNKS[0].LUT6_STRUCT_MUX.MUX1_i_3/O
                         net (fo=1, unplaced)         0.185     6.491    u_cu_top/u_mma_core/u_fp32_fma/u_aec_fp32_fma/inst/i_synth/FMA_OP.OP/addsub/add/EXP/bma_exp_cc/MUX_LOOP[2].OTHER_LEVELS.DO_CHUNKS[0].LUT6_STRUCT_MUX.MUX1_i_3_n_0
                         LUT6 (Prop_LUT6_I0_O)        0.037     6.528 r  u_cu_top/u_mma_core/u_fp32_fma/u_aec_fp32_fma/inst/i_synth/FMA_OP.OP/addsub/add/EXP/bma_exp_cc/MUX_LOOP[2].OTHER_LEVELS.DO_CHUNKS[0].LUT6_STRUCT_MUX.MUX1_i_1/O
                         net (fo=1, unplaced)         0.024     6.552    u_cu_top/u_mma_core/u_fp32_fma/u_aec_fp32_fma/inst/i_synth/FMA_OP.OP/addsub/add/ALIGN_BLK/aligner.ALIGN_SHIFT/ALIGN_Z_D/zero_det_unreg[1]_0[2]
                         MUXF7 (Prop_MUXF7_I0_O)      0.067     6.619 r  u_cu_top/u_mma_core/u_fp32_fma/u_aec_fp32_fma/inst/i_synth/FMA_OP.OP/addsub/add/ALIGN_BLK/aligner.ALIGN_SHIFT/ALIGN_Z_D/MUX_LOOP[2].OTHER_LEVELS.DO_CHUNKS[0].LUT6_STRUCT_MUX.MUX1/O
                         net (fo=1, unplaced)         0.000     6.619    u_cu_top/u_mma_core/u_fp32_fma/u_aec_fp32_fma/inst/i_synth/FMA_OP.OP/addsub/add/ALIGN_BLK/aligner.ALIGN_SHIFT/ALIGN_Z_D/MUX_LOOP[2].OTHER_LEVELS.DO_CHUNKS[0].LUT6_STRUCT_MUX.mux0_1
                         MUXF8 (Prop_MUXF8_I1_O)      0.028     6.647 r  u_cu_top/u_mma_core/u_fp32_fma/u_aec_fp32_fma/inst/i_synth/FMA_OP.OP/addsub/add/ALIGN_BLK/aligner.ALIGN_SHIFT/ALIGN_Z_D/MUX_LOOP[2].OTHER_LEVELS.DO_CHUNKS[0].LUT6_STRUCT_MUX.MUX2/O
                         net (fo=2, unplaced)         0.185     6.832    u_cu_top/u_mma_core/u_fp32_fma/u_aec_fp32_fma/inst/i_synth/FMA_OP.OP/addsub/add/ALIGN_BLK/aligner.ALIGN_SHIFT/ALIGN_Z_D/zeros_z_det_a
                         LUT4 (Prop_LUT4_I1_O)        0.037     6.869 r  u_cu_top/u_mma_core/u_fp32_fma/u_aec_fp32_fma/inst/i_synth/FMA_OP.OP/addsub/add/ALIGN_BLK/aligner.ALIGN_SHIFT/ALIGN_Z_D/STRUCT_ADD1.CARRY_MUX2_i_1/O
                         net (fo=1, unplaced)         0.023     6.892    u_cu_top/u_mma_core/u_fp32_fma/u_aec_fp32_fma/inst/i_synth/FMA_OP.OP/addsub/add/ALIGN_BLK/FRAC_ADDSUB/LOGIC_ADD.FRAC_ADDSUB/STRUCT_ADD1.CARRY_MUX2_0
                         CARRY8 (Prop_CARRY8_S[1]_CO[7])
                                                      0.197     7.089 r  u_cu_top/u_mma_core/u_fp32_fma/u_aec_fp32_fma/inst/i_synth/FMA_OP.OP/addsub/add/ALIGN_BLK/FRAC_ADDSUB/LOGIC_ADD.FRAC_ADDSUB/STRUCT_ADD1.CARRY_MUX1_CARRY4_CARRY8/CO[7]
                         net (fo=1, unplaced)         0.005     7.094    u_cu_top/u_mma_core/u_fp32_fma/u_aec_fp32_fma/inst/i_synth/FMA_OP.OP/addsub/add/ALIGN_BLK/FRAC_ADDSUB/LOGIC_ADD.FRAC_ADDSUB/STRUCT_ADD1.ADD1/CHAIN_GEN[5].C_MUX.CARRY_MUX_n_0
                         CARRY8 (Prop_CARRY8_CI_CO[7])
                                                      0.022     7.116 r  u_cu_top/u_mma_core/u_fp32_fma/u_aec_fp32_fma/inst/i_synth/FMA_OP.OP/addsub/add/ALIGN_BLK/FRAC_ADDSUB/LOGIC_ADD.FRAC_ADDSUB/STRUCT_ADD1.ADD1/CHAIN_GEN[6].C_MUX.CARRY_MUX_CARRY4_CARRY8/CO[7]
                         net (fo=1, unplaced)         0.005     7.121    u_cu_top/u_mma_core/u_fp32_fma/u_aec_fp32_fma/inst/i_synth/FMA_OP.OP/addsub/add/ALIGN_BLK/FRAC_ADDSUB/LOGIC_ADD.FRAC_ADDSUB/STRUCT_ADD1.ADD1/CHAIN_GEN[13].C_MUX.CARRY_MUX_n_0
                         CARRY8 (Prop_CARRY8_CI_CO[7])
                                                      0.022     7.143 r  u_cu_top/u_mma_core/u_fp32_fma/u_aec_fp32_fma/inst/i_synth/FMA_OP.OP/addsub/add/ALIGN_BLK/FRAC_ADDSUB/LOGIC_ADD.FRAC_ADDSUB/STRUCT_ADD1.ADD1/CHAIN_GEN[14].C_MUX.CARRY_MUX_CARRY4_CARRY8/CO[7]
                         net (fo=1, unplaced)         0.005     7.148    u_cu_top/u_mma_core/u_fp32_fma/u_aec_fp32_fma/inst/i_synth/FMA_OP.OP/addsub/add/ALIGN_BLK/FRAC_ADDSUB/LOGIC_ADD.FRAC_ADDSUB/STRUCT_ADD1.ADD1/CHAIN_GEN[21].C_MUX.CARRY_MUX_n_0
                         CARRY8 (Prop_CARRY8_CI_CO[7])
                                                      0.022     7.170 r  u_cu_top/u_mma_core/u_fp32_fma/u_aec_fp32_fma/inst/i_synth/FMA_OP.OP/addsub/add/ALIGN_BLK/FRAC_ADDSUB/LOGIC_ADD.FRAC_ADDSUB/STRUCT_ADD1.ADD1/CHAIN_GEN[22].C_MUX.CARRY_MUX_CARRY4_CARRY8/CO[7]
                         net (fo=1, unplaced)         0.005     7.175    u_cu_top/u_mma_core/u_fp32_fma/u_aec_fp32_fma/inst/i_synth/FMA_OP.OP/addsub/add/ALIGN_BLK/FRAC_ADDSUB/LOGIC_ADD.FRAC_ADDSUB/STRUCT_ADD2.ADD1/CHAIN_GEN[4].C_MUX.CARRY_MUX_n_0
                         CARRY8 (Prop_CARRY8_CI_CO[7])
                                                      0.022     7.197 r  u_cu_top/u_mma_core/u_fp32_fma/u_aec_fp32_fma/inst/i_synth/FMA_OP.OP/addsub/add/ALIGN_BLK/FRAC_ADDSUB/LOGIC_ADD.FRAC_ADDSUB/STRUCT_ADD2.ADD1/CHAIN_GEN[5].C_MUX.CARRY_MUX_CARRY4_CARRY8/CO[7]
                         net (fo=1, unplaced)         0.005     7.202    u_cu_top/u_mma_core/u_fp32_fma/u_aec_fp32_fma/inst/i_synth/FMA_OP.OP/addsub/add/ALIGN_BLK/FRAC_ADDSUB/LOGIC_ADD.FRAC_ADDSUB/STRUCT_ADD2.ADD1/CHAIN_GEN[12].C_MUX.CARRY_MUX_n_0
                         CARRY8 (Prop_CARRY8_CI_CO[7])
                                                      0.022     7.224 r  u_cu_top/u_mma_core/u_fp32_fma/u_aec_fp32_fma/inst/i_synth/FMA_OP.OP/addsub/add/ALIGN_BLK/FRAC_ADDSUB/LOGIC_ADD.FRAC_ADDSUB/STRUCT_ADD2.ADD1/CHAIN_GEN[13].C_MUX.CARRY_MUX_CARRY4_CARRY8/CO[7]
                         net (fo=1, unplaced)         0.005     7.229    u_cu_top/u_mma_core/u_fp32_fma/u_aec_fp32_fma/inst/i_synth/FMA_OP.OP/addsub/add/ALIGN_BLK/FRAC_ADDSUB/LOGIC_ADD.FRAC_ADDSUB/STRUCT_ADD2.ADD1/CHAIN_GEN[20].C_MUX.CARRY_MUX_n_0
                         CARRY8 (Prop_CARRY8_CI_O[4])
                                                      0.086     7.315 f  u_cu_top/u_mma_core/u_fp32_fma/u_aec_fp32_fma/inst/i_synth/FMA_OP.OP/addsub/add/ALIGN_BLK/FRAC_ADDSUB/LOGIC_ADD.FRAC_ADDSUB/STRUCT_ADD2.ADD1/CHAIN_GEN[21].C_MUX.CARRY_MUX_CARRY4_CARRY8/O[4]
                         net (fo=4, unplaced)         0.197     7.512    u_cu_top/u_mma_core/u_fp32_fma/u_aec_fp32_fma/inst/i_synth/FMA_OP.OP/addsub/add/ALIGN_BLK/FRAC_ADDSUB/LOGIC_ADD.FRAC_ADDSUB/STRUCT_ADD2.ADD1/Q[17]
                         LUT4 (Prop_LUT4_I0_O)        0.100     7.612 r  u_cu_top/u_mma_core/u_fp32_fma/u_aec_fp32_fma/inst/i_synth/FMA_OP.OP/addsub/add/ALIGN_BLK/FRAC_ADDSUB/LOGIC_ADD.FRAC_ADDSUB/STRUCT_ADD2.ADD1/CHAIN_GEN[0].C_MUX.CARRY_MUX_i_1__7/O
                         net (fo=1, unplaced)         0.020     7.632    u_cu_top/u_mma_core/u_fp32_fma/u_aec_fp32_fma/inst/i_synth/FMA_OP.OP/addsub/add/NORM/LZE/ZERO_DET_CC_1/chunk_is_zero[0]
                         CARRY8 (Prop_CARRY8_S[0]_CO[7])
                                                      0.199     7.831 r  u_cu_top/u_mma_core/u_fp32_fma/u_aec_fp32_fma/inst/i_synth/FMA_OP.OP/addsub/add/NORM/LZE/ZERO_DET_CC_1/CHAIN_GEN[0].C_MUX.CARRY_MUX_CARRY4_CARRY8/CO[7]
                         net (fo=68, unplaced)        0.290     8.121    u_cu_top/u_mma_core/u_fp32_fma/u_aec_fp32_fma/inst/i_synth/FMA_OP.OP/addsub/add/NORM/LZE/ZERO_DET_CC_1/CARRYS_OUT[1]
                         LUT6 (Prop_LUT6_I4_O)        0.038     8.159 r  u_cu_top/u_mma_core/u_fp32_fma/u_aec_fp32_fma/inst/i_synth/FMA_OP.OP/addsub/add/NORM/LZE/ZERO_DET_CC_1/CHAIN_GEN[1].C_MUX.CARRY_MUX_i_2__4/O
                         net (fo=60, unplaced)        0.215     8.374    u_cu_top/u_mma_core/u_fp32_fma/u_aec_fp32_fma/inst/i_synth/FMA_OP.OP/addsub/add/ALIGN_BLK/FRAC_ADDSUB/LOGIC_ADD.FRAC_ADDSUB/STRUCT_ADD1.ADD1/norm_dist[1]
                         LUT5 (Prop_LUT5_I1_O)        0.100     8.474 r  u_cu_top/u_mma_core/u_fp32_fma/u_aec_fp32_fma/inst/i_synth/FMA_OP.OP/addsub/add/ALIGN_BLK/FRAC_ADDSUB/LOGIC_ADD.FRAC_ADDSUB/STRUCT_ADD1.ADD1/norm_exp_carry_i_12/O
                         net (fo=1, unplaced)         0.141     8.615    u_cu_top/u_mma_core/u_fp32_fma/u_aec_fp32_fma/inst/i_synth/FMA_OP.OP/addsub/add/ALIGN_BLK/FRAC_ADDSUB/LOGIC_ADD.FRAC_ADDSUB/STRUCT_ADD2.ADD1/RESULT_REG.NORMAL.mant_op[21]_i_12
                         LUT6 (Prop_LUT6_I1_O)        0.100     8.715 r  u_cu_top/u_mma_core/u_fp32_fma/u_aec_fp32_fma/inst/i_synth/FMA_OP.OP/addsub/add/ALIGN_BLK/FRAC_ADDSUB/LOGIC_ADD.FRAC_ADDSUB/STRUCT_ADD2.ADD1/norm_exp_carry_i_9/O
                         net (fo=7, unplaced)         0.210     8.925    u_cu_top/u_mma_core/u_fp32_fma/u_aec_fp32_fma/inst/i_synth/FMA_OP.OP/addsub/add/EXP/EXP_OFF.STRUCT_ADD/norm_dist[1]
                         LUT2 (Prop_LUT2_I1_O)        0.037     8.962 r  u_cu_top/u_mma_core/u_fp32_fma/u_aec_fp32_fma/inst/i_synth/FMA_OP.OP/addsub/add/EXP/EXP_OFF.STRUCT_ADD/norm_exp_carry_i_7/O
                         net (fo=1, unplaced)         0.023     8.985    u_cu_top/u_mma_core/u_fp32_fma/u_aec_fp32_fma/inst/i_synth/FMA_OP.OP/addsub/add/EXP/EXP_OFF.STRUCT_ADD_n_5
                         CARRY8 (Prop_CARRY8_S[1]_O[6])
                                                      0.224     9.209 r  u_cu_top/u_mma_core/u_fp32_fma/u_aec_fp32_fma/inst/i_synth/FMA_OP.OP/addsub/add/EXP/norm_exp_carry/O[6]
                         net (fo=4, unplaced)         0.103     9.312    u_cu_top/u_mma_core/u_fp32_fma/u_aec_fp32_fma/inst/i_synth/FMA_OP.OP/addsub/add/EXP/exp_op[6]
                         LUT4 (Prop_LUT4_I0_O)        0.139     9.451 r  u_cu_top/u_mma_core/u_fp32_fma/u_aec_fp32_fma/inst/i_synth/FMA_OP.OP/addsub/add/EXP/RESULT_REG.NORMAL.mant_op[21]_i_22/O
                         net (fo=2, unplaced)         0.185     9.636    u_cu_top/u_mma_core/u_fp32_fma/u_aec_fp32_fma/inst/i_synth/FMA_OP.OP/addsub/add/EXP/EXP_OFF.STRUCT_ADD/RESULT_REG.NORMAL.mant_op[21]_i_5_0
                         LUT6 (Prop_LUT6_I2_O)        0.038     9.674 r  u_cu_top/u_mma_core/u_fp32_fma/u_aec_fp32_fma/inst/i_synth/FMA_OP.OP/addsub/add/EXP/EXP_OFF.STRUCT_ADD/RESULT_REG.NORMAL.mant_op[21]_i_17/O
                         net (fo=4, unplaced)         0.152     9.826    u_cu_top/u_mma_core/u_fp32_fma/u_aec_fp32_fma/inst/i_synth/FMA_OP.OP/addsub/add/EXP/EXP_OFF.STRUCT_ADD/conv_exp.downsize_exp/exp_flt_all_one_rnd
                         LUT3 (Prop_LUT3_I0_O)        0.112     9.938 r  u_cu_top/u_mma_core/u_fp32_fma/u_aec_fp32_fma/inst/i_synth/FMA_OP.OP/addsub/add/EXP/EXP_OFF.STRUCT_ADD/RESULT_REG.NORMAL.mant_op[22]_i_2/O
                         net (fo=6, unplaced)         0.207    10.145    u_cu_top/u_mma_core/u_fp32_fma/u_aec_fp32_fma/inst/i_synth/FMA_OP.OP/addsub/add/EXP/EXP_OFF.STRUCT_ADD/conv_exp.downsize_exp/state_rnd__5[0]
                         LUT5 (Prop_LUT5_I4_O)        0.070    10.215 f  u_cu_top/u_mma_core/u_fp32_fma/u_aec_fp32_fma/inst/i_synth/FMA_OP.OP/addsub/add/EXP/EXP_OFF.STRUCT_ADD/RESULT_REG.NORMAL.exp_op[6]_i_3/O
                         net (fo=12, unplaced)        0.174    10.389    u_cu_top/u_mma_core/u_fp32_fma/u_aec_fp32_fma/inst/i_synth/FMA_OP.OP/addsub/add/EXP/EXP_OFF.STRUCT_ADD/op_state[1]
                         LUT3 (Prop_LUT3_I0_O)        0.100    10.489 r  u_cu_top/u_mma_core/u_fp32_fma/u_aec_fp32_fma/inst/i_synth/FMA_OP.OP/addsub/add/EXP/EXP_OFF.STRUCT_ADD/RESULT_REG.NORMAL.exp_op[7]_i_5/O
                         net (fo=1, unplaced)         0.140    10.629    u_cu_top/u_mma_core/u_fp32_fma/u_aec_fp32_fma/inst/i_synth/FMA_OP.OP/addsub/add/EXP/EXP_OFF.STRUCT_ADD/OP/EXP_ADDER_YES.a_ip__15[6]
                         LUT5 (Prop_LUT5_I3_O)        0.090    10.719 r  u_cu_top/u_mma_core/u_fp32_fma/u_aec_fp32_fma/inst/i_synth/FMA_OP.OP/addsub/add/EXP/EXP_OFF.STRUCT_ADD/RESULT_REG.NORMAL.exp_op[7]_i_1/O
                         net (fo=1, unplaced)         0.048    10.767    u_cu_top/u_mma_core/u_fp32_fma/u_aec_fp32_fma/inst/i_synth/FMA_OP.OP/addsub/add/OP/D[7]
                         FDRE                                         r  u_cu_top/u_mma_core/u_fp32_fma/u_aec_fp32_fma/inst/i_synth/FMA_OP.OP/addsub/add/OP/RESULT_REG.NORMAL.exp_op_reg[7]/D
  -------------------------------------------------------------------    -------------------

                         (clock ap_clk rise edge)     5.000     5.000 r  
                                                      0.000     5.000 r  ap_clk (IN)
                         net (fo=30622, unset)        0.020     5.020    u_cu_top/u_mma_core/u_fp32_fma/u_aec_fp32_fma/inst/i_synth/FMA_OP.OP/addsub/add/OP/aclk
                         FDRE                                         r  u_cu_top/u_mma_core/u_fp32_fma/u_aec_fp32_fma/inst/i_synth/FMA_OP.OP/addsub/add/OP/RESULT_REG.NORMAL.exp_op_reg[7]/C
                         clock pessimism              0.000     5.020    
                         clock uncertainty           -0.035     4.985    
                         FDRE (Setup_FDRE_C_D)        0.025     5.010    u_cu_top/u_mma_core/u_fp32_fma/u_aec_fp32_fma/inst/i_synth/FMA_OP.OP/addsub/add/OP/RESULT_REG.NORMAL.exp_op_reg[7]
  -------------------------------------------------------------------
                         required time                          5.010    
                         arrival time                         -10.767    
  -------------------------------------------------------------------
                         slack                                 -5.757    





Min Delay Paths
--------------------------------------------------------------------------------------
Slack (MET) :             0.046ns  (arrival time - required time)
  Source:                 u_cu_top/u_csr_regfile/wdata_q_reg[7]/C
                            (rising edge-triggered cell FDCE clocked by ap_clk  {rise@0.000ns fall@2.500ns period=5.000ns})
  Destination:            u_cu_top/u_imem/u_imem_xpm/xpm_memory_base_inst/gen_wr_a.gen_word_narrow.mem_reg_bram_0/DINADIN[7]
                            (rising edge-triggered cell RAMB36E2 clocked by ap_clk  {rise@0.000ns fall@2.500ns period=5.000ns})
  Path Group:             ap_clk
  Path Type:              Hold (Min at Fast Process Corner)
  Requirement:            0.000ns  (ap_clk rise@0.000ns - ap_clk rise@0.000ns)
  Data Path Delay:        0.082ns  (logic 0.038ns (46.341%)  route 0.044ns (53.659%))
  Logic Levels:           0  
  Clock Path Skew:        0.041ns (DCD - SCD - CPR)
    Destination Clock Delay (DCD):    0.053ns
    Source Clock Delay      (SCD):    0.012ns
    Clock Pessimism Removal (CPR):    -0.000ns

    Location             Delay type                Incr(ns)  Path(ns)    Netlist Resource(s)
  -------------------------------------------------------------------    -------------------
                         (clock ap_clk rise edge)     0.000     0.000 r  
                                                      0.000     0.000 r  ap_clk (IN)
                         net (fo=30622, unset)        0.012     0.012    u_cu_top/u_csr_regfile/ap_clk
                         FDCE                                         r  u_cu_top/u_csr_regfile/wdata_q_reg[7]/C
  -------------------------------------------------------------------    -------------------
                         FDCE (Prop_FDCE_C_Q)         0.038     0.050 r  u_cu_top/u_csr_regfile/wdata_q_reg[7]/Q
                         net (fo=2, unplaced)         0.044     0.094    u_cu_top/u_imem/u_imem_xpm/xpm_memory_base_inst/dina[7]
                         RAMB36E2                                     r  u_cu_top/u_imem/u_imem_xpm/xpm_memory_base_inst/gen_wr_a.gen_word_narrow.mem_reg_bram_0/DINADIN[7]
  -------------------------------------------------------------------    -------------------

                         (clock ap_clk rise edge)     0.000     0.000 r  
                                                      0.000     0.000 r  ap_clk (IN)
                         net (fo=30622, unset)        0.053     0.053    u_cu_top/u_imem/u_imem_xpm/xpm_memory_base_inst/clka
                         RAMB36E2                                     r  u_cu_top/u_imem/u_imem_xpm/xpm_memory_base_inst/gen_wr_a.gen_word_narrow.mem_reg_bram_0/CLKARDCLK
                         clock pessimism              0.000     0.053    
                         RAMB36E2 (Hold_RAMB36E2_CLKARDCLK_DINADIN[7])
                                                     -0.005     0.048    u_cu_top/u_imem/u_imem_xpm/xpm_memory_base_inst/gen_wr_a.gen_word_narrow.mem_reg_bram_0
  -------------------------------------------------------------------
                         required time                         -0.048    
                         arrival time                           0.094    
  -------------------------------------------------------------------
                         slack                                  0.046    





Pulse Width Checks
--------------------------------------------------------------------------------------
Clock Name:         ap_clk
Waveform(ns):       { 0.000 2.500 }
Period(ns):         5.000
Sources:            { ap_clk }

Check Type        Corner  Lib Pin             Reference Pin  Required(ns)  Actual(ns)  Slack(ns)  Location  Pin
Min Period        n/a     RAMB36E2/CLKARDCLK  n/a            1.569         5.000       3.431                u_cu_top/u_imem/u_imem_xpm/xpm_memory_base_inst/gen_wr_a.gen_word_narrow.mem_reg_bram_0/CLKARDCLK
Low Pulse Width   Slow    RAMB36E2/CLKARDCLK  n/a            0.542         2.500       1.958                u_cu_top/u_imem/u_imem_xpm/xpm_memory_base_inst/gen_wr_a.gen_word_narrow.mem_reg_bram_0/CLKARDCLK
High Pulse Width  Slow    RAMB36E2/CLKARDCLK  n/a            0.542         2.500       1.958                u_cu_top/u_imem/u_imem_xpm/xpm_memory_base_inst/gen_wr_a.gen_word_narrow.mem_reg_bram_0/CLKARDCLK



