Copyright 1986-2022 Xilinx, Inc. All Rights Reserved. Copyright 2022-2023 Advanced Micro Devices, Inc. All Rights Reserved.
---------------------------------------------------------------------------------------------------------------------------------------------
| Tool Version : Vivado v.2023.1 (lin64) Build 3865809 Sun May  7 15:04:56 MDT 2023
| Date         : Sun Aug  2 01:13:04 2026
| Host         : localhost.localdomain running 64-bit CentOS Linux release 7.9.2009 (Core)
| Command      : report_utilization -slr -file slr_util_routed.rpt -pb slr_util_routed.pb
| Design       : level0_wrapper
| Device       : xcu280-fsvh2892-2L-e
| Speed File   : -2L
| Design State : Routed
---------------------------------------------------------------------------------------------------------------------------------------------

Utilization Design Information

Table of Contents
-----------------
1. SLR Connectivity
2. SLR Connectivity Matrix
3. SLR CLB Logic and Dedicated Block Utilization
4. SLR IO Utilization

1. SLR Connectivity
-------------------

+----------------------------------+-------+-------+-----------+-------+
|                                  |  Used | Fixed | Available | Util% |
+----------------------------------+-------+-------+-----------+-------+
| SLR2 <-> SLR1                    |  5178 |       |     23040 | 22.47 |
|   SLR1 -> SLR2                   |  2615 |       |           | 11.35 |
|     Using TX_REG only            |     0 |     0 |           |       |
|     Using RX_REG only            |     0 |     0 |           |       |
|     Using Both TX_REG and RX_REG |     0 |     0 |           |       |
|   SLR2 -> SLR1                   |  2563 |       |           | 11.12 |
|     Using TX_REG only            |     0 |     0 |           |       |
|     Using RX_REG only            |     0 |     0 |           |       |
|     Using Both TX_REG and RX_REG |     0 |     0 |           |       |
| SLR1 <-> SLR0                    |  9781 |       |     23040 | 42.45 |
|   SLR0 -> SLR1                   |  4369 |       |           | 18.96 |
|     Using TX_REG only            |     0 |     0 |           |       |
|     Using RX_REG only            |     0 |     0 |           |       |
|     Using Both TX_REG and RX_REG |     0 |     0 |           |       |
|   SLR1 -> SLR0                   |  5412 |       |           | 23.49 |
|     Using TX_REG only            |     0 |     0 |           |       |
|     Using RX_REG only            |     0 |     0 |           |       |
|     Using Both TX_REG and RX_REG |     0 |     0 |           |       |
+----------------------------------+-------+-------+-----------+-------+
| Total SLLs Used                  | 14959 |       |           |       |
+----------------------------------+-------+-------+-----------+-------+


2. SLR Connectivity Matrix
--------------------------

+-----------+------+------+------+
| FROM \ TO | SLR2 | SLR1 | SLR0 |
+-----------+------+------+------+
| SLR2      |    0 | 2430 |  133 |
| SLR1      | 2546 |    0 | 5279 |
| SLR0      |   69 | 4300 |    0 |
+-----------+------+------+------+


3. SLR CLB Logic and Dedicated Block Utilization
------------------------------------------------

+----------------------------+-------+--------+-------+--------+--------+--------+
|          Site Type         |  SLR0 |  SLR1  |  SLR2 | SLR0 % | SLR1 % | SLR2 % |
+----------------------------+-------+--------+-------+--------+--------+--------+
| CLB                        | 11518 |  27937 |  6981 |  20.96 |  51.74 |  12.93 |
|   CLBL                     |  6100 |  14849 |  3652 |  20.83 |  50.71 |  12.47 |
|   CLBM                     |  5418 |  13088 |  3329 |  21.10 |  52.94 |  13.47 |
| CLB LUTs                   | 38186 | 134923 | 26179 |   8.68 |  31.23 |   6.06 |
|   LUT as Logic             | 34076 | 122662 | 24653 |   7.75 |  28.39 |   5.71 |
|     using O5 output only   |  1118 |   1559 |   466 |   0.25 |   0.36 |   0.11 |
|     using O6 output only   | 26190 |  98443 | 17452 |   5.96 |  22.79 |   4.04 |
|     using O5 and O6        |  6768 |  22660 |  6735 |   1.54 |   5.25 |   1.56 |
|   LUT as Memory            |  4110 |  12261 |  1526 |   2.00 |   6.20 |   0.77 |
|     LUT as Distributed RAM |   762 |   6682 |   820 |   0.37 |   3.38 |   0.41 |
|       using O5 output only |     0 |      0 |     0 |   0.00 |   0.00 |   0.00 |
|       using O6 output only |   240 |    402 |     0 |   0.12 |   0.20 |   0.00 |
|       using O5 and O6      |   522 |   6280 |   820 |   0.25 |   3.18 |   0.41 |
|     LUT as Shift Register  |  3348 |   5579 |   706 |   1.63 |   2.82 |   0.36 |
|       using O5 output only |     0 |      0 |     0 |   0.00 |   0.00 |   0.00 |
|       using O6 output only |  2636 |   5523 |   672 |   1.28 |   2.79 |   0.34 |
|       using O5 and O6      |   712 |     56 |    34 |   0.35 |   0.03 |   0.02 |
| CLB Registers              | 72180 | 118559 | 35551 |   8.21 |  13.72 |   4.11 |
| CARRY8                     |   375 |    932 |   109 |   0.68 |   1.73 |   0.20 |
| F7 Muxes                   |  1223 |  14913 |   437 |   0.56 |   6.90 |   0.20 |
| F8 Muxes                   |   138 |   4557 |     0 |   0.13 |   4.22 |   0.00 |
| F9 Muxes                   |     0 |      0 |     0 |   0.00 |   0.00 |   0.00 |
| Block RAM Tile             |  67.5 |    182 |    50 |  10.04 |  27.08 |   7.44 |
|   RAMB36/FIFO              |    66 |    181 |    50 |   9.82 |  26.93 |   7.44 |
|   RAMB18                   |     3 |      2 |     0 |   0.22 |   0.15 |   0.00 |
| URAM                       |     0 |      0 |     0 |   0.00 |   0.00 |   0.00 |
| DSPs                       |     0 |     24 |     4 |   0.00 |   0.78 |   0.13 |
| Unique Control Sets        |  2006 |   5448 |  1162 |   1.82 |   5.04 |   1.08 |
+----------------------------+-------+--------+-------+--------+--------+--------+
* Note: Available Control Sets based on CLB Registers / 8


4. SLR IO Utilization
---------------------

+-----------+-----------+---------+------------+----------+------------+----------+-----+
| SLR Index | Used IOBs | (%)IOBs | Used IPADs | (%)IPADs | Used OPADs | (%)OPADs | GTs |
+-----------+-----------+---------+------------+----------+------------+----------+-----+
| SLR2      |        15 |    7.21 |          0 |     0.00 |          0 |     0.00 |   0 |
| SLR1      |         0 |    0.00 |          0 |     0.00 |          0 |     0.00 |   0 |
| SLR0      |         1 |    0.48 |          0 |     0.00 |          0 |     0.00 |  16 |
+-----------+-----------+---------+------------+----------+------------+----------+-----+
| Total     |        16 |         |          0 |          |          0 |          |  16 |
+-----------+-----------+---------+------------+----------+------------+----------+-----+


